../Core/Src/NRF24.c:15:20:NRF24_CE_L	8	static
../Core/Src/NRF24.c:19:20:NRF24_CE_H	8	static
../Core/Src/NRF24.c:23:20:NRF24_CSN_L	8	static
../Core/Src/NRF24.c:27:20:NRF24_CSN_H	8	static
../Core/Src/NRF24.c:33:23:NRF24_SPI_Send	32	static
../Core/Src/NRF24.c:42:6:NRF24_CMD	16	static
../Core/Src/NRF24.c:50:9:NRF24_ReadReg	24	static
../Core/Src/NRF24.c:61:6:NRF24_WriteReg	16	static
../Core/Src/NRF24.c:70:6:NRF24_Init	16	static
../Core/Src/NRF24.c:129:6:NRF24_RX_Address	8	static
../Core/Src/NRF24.c:146:6:NRF24_TX_Address	8	static
../Core/Src/NRF24.c:170:6:NRF24_RX_Mode	8	static
../Core/Src/NRF24.c:180:6:NRF24_TX_Mode	8	static
../Core/Src/NRF24.c:212:6:NRF24_TransmitBasic	16	static
../Core/Src/NRF24.c:240:6:NRF24_Transmit	32	static
../Core/Src/NRF24.c:299:10:NRF24_ReceiveBasic	32	static
../Core/Src/NRF24.c:323:6:NRF24_Receive	56	dynamic
../Core/Src/NRF24.c:356:10:CalculateChecksum	32	static
../Core/Src/NRF24.c:379:6:PackIntoArray	24	static
../Core/Src/NRF24.c:388:6:UnpackFromArray	32	static
../Core/Src/NRF24.c:406:6:FailedPacket	8	static
