Archive member included to satisfy reference by file (symbol)

D:/Programs/STM32CubeIDE_1.16.0/STM32CubeIDE/plugins/com.st.stm32cube.ide.mcu.externaltools.gnu-tools-for-stm32.12.3.rel1.win32_1.0.200.202406191623/tools/bin/../lib/gcc/arm-none-eabi/12.3.1/../../../../arm-none-eabi/lib/thumb/v7e-m+fp/hard\libc_nano.a(libc_a-exit.o)
                              D:/Programs/STM32CubeIDE_1.16.0/STM32CubeIDE/plugins/com.st.stm32cube.ide.mcu.externaltools.gnu-tools-for-stm32.12.3.rel1.win32_1.0.200.202406191623/tools/bin/../lib/gcc/arm-none-eabi/12.3.1/../../../../arm-none-eabi/lib/thumb/v7e-m+fp/hard/crt0.o (exit)
D:/Programs/STM32CubeIDE_1.16.0/STM32CubeIDE/plugins/com.st.stm32cube.ide.mcu.externaltools.gnu-tools-for-stm32.12.3.rel1.win32_1.0.200.202406191623/tools/bin/../lib/gcc/arm-none-eabi/12.3.1/../../../../arm-none-eabi/lib/thumb/v7e-m+fp/hard\libc_nano.a(libc_a-findfp.o)
                              D:/Programs/STM32CubeIDE_1.16.0/STM32CubeIDE/plugins/com.st.stm32cube.ide.mcu.externaltools.gnu-tools-for-stm32.12.3.rel1.win32_1.0.200.202406191623/tools/bin/../lib/gcc/arm-none-eabi/12.3.1/../../../../arm-none-eabi/lib/thumb/v7e-m+fp/hard\libc_nano.a(libc_a-exit.o) (__stdio_exit_handler)
D:/Programs/STM32CubeIDE_1.16.0/STM32CubeIDE/plugins/com.st.stm32cube.ide.mcu.externaltools.gnu-tools-for-stm32.12.3.rel1.win32_1.0.200.202406191623/tools/bin/../lib/gcc/arm-none-eabi/12.3.1/../../../../arm-none-eabi/lib/thumb/v7e-m+fp/hard\libc_nano.a(libc_a-fwalk.o)
                              D:/Programs/STM32CubeIDE_1.16.0/STM32CubeIDE/plugins/com.st.stm32cube.ide.mcu.externaltools.gnu-tools-for-stm32.12.3.rel1.win32_1.0.200.202406191623/tools/bin/../lib/gcc/arm-none-eabi/12.3.1/../../../../arm-none-eabi/lib/thumb/v7e-m+fp/hard\libc_nano.a(libc_a-findfp.o) (_fwalk_sglue)
D:/Programs/STM32CubeIDE_1.16.0/STM32CubeIDE/plugins/com.st.stm32cube.ide.mcu.externaltools.gnu-tools-for-stm32.12.3.rel1.win32_1.0.200.202406191623/tools/bin/../lib/gcc/arm-none-eabi/12.3.1/../../../../arm-none-eabi/lib/thumb/v7e-m+fp/hard\libc_nano.a(libc_a-stdio.o)
                              D:/Programs/STM32CubeIDE_1.16.0/STM32CubeIDE/plugins/com.st.stm32cube.ide.mcu.externaltools.gnu-tools-for-stm32.12.3.rel1.win32_1.0.200.202406191623/tools/bin/../lib/gcc/arm-none-eabi/12.3.1/../../../../arm-none-eabi/lib/thumb/v7e-m+fp/hard\libc_nano.a(libc_a-findfp.o) (__sread)
D:/Programs/STM32CubeIDE_1.16.0/STM32CubeIDE/plugins/com.st.stm32cube.ide.mcu.externaltools.gnu-tools-for-stm32.12.3.rel1.win32_1.0.200.202406191623/tools/bin/../lib/gcc/arm-none-eabi/12.3.1/../../../../arm-none-eabi/lib/thumb/v7e-m+fp/hard\libc_nano.a(libc_a-memset.o)
                              D:/Programs/STM32CubeIDE_1.16.0/STM32CubeIDE/plugins/com.st.stm32cube.ide.mcu.externaltools.gnu-tools-for-stm32.12.3.rel1.win32_1.0.200.202406191623/tools/bin/../lib/gcc/arm-none-eabi/12.3.1/../../../../arm-none-eabi/lib/thumb/v7e-m+fp/hard/crt0.o (memset)
D:/Programs/STM32CubeIDE_1.16.0/STM32CubeIDE/plugins/com.st.stm32cube.ide.mcu.externaltools.gnu-tools-for-stm32.12.3.rel1.win32_1.0.200.202406191623/tools/bin/../lib/gcc/arm-none-eabi/12.3.1/../../../../arm-none-eabi/lib/thumb/v7e-m+fp/hard\libc_nano.a(libc_a-closer.o)
                              D:/Programs/STM32CubeIDE_1.16.0/STM32CubeIDE/plugins/com.st.stm32cube.ide.mcu.externaltools.gnu-tools-for-stm32.12.3.rel1.win32_1.0.200.202406191623/tools/bin/../lib/gcc/arm-none-eabi/12.3.1/../../../../arm-none-eabi/lib/thumb/v7e-m+fp/hard\libc_nano.a(libc_a-stdio.o) (_close_r)
D:/Programs/STM32CubeIDE_1.16.0/STM32CubeIDE/plugins/com.st.stm32cube.ide.mcu.externaltools.gnu-tools-for-stm32.12.3.rel1.win32_1.0.200.202406191623/tools/bin/../lib/gcc/arm-none-eabi/12.3.1/../../../../arm-none-eabi/lib/thumb/v7e-m+fp/hard\libc_nano.a(libc_a-reent.o)
                              D:/Programs/STM32CubeIDE_1.16.0/STM32CubeIDE/plugins/com.st.stm32cube.ide.mcu.externaltools.gnu-tools-for-stm32.12.3.rel1.win32_1.0.200.202406191623/tools/bin/../lib/gcc/arm-none-eabi/12.3.1/../../../../arm-none-eabi/lib/thumb/v7e-m+fp/hard\libc_nano.a(libc_a-closer.o) (errno)
D:/Programs/STM32CubeIDE_1.16.0/STM32CubeIDE/plugins/com.st.stm32cube.ide.mcu.externaltools.gnu-tools-for-stm32.12.3.rel1.win32_1.0.200.202406191623/tools/bin/../lib/gcc/arm-none-eabi/12.3.1/../../../../arm-none-eabi/lib/thumb/v7e-m+fp/hard\libc_nano.a(libc_a-impure.o)
                              D:/Programs/STM32CubeIDE_1.16.0/STM32CubeIDE/plugins/com.st.stm32cube.ide.mcu.externaltools.gnu-tools-for-stm32.12.3.rel1.win32_1.0.200.202406191623/tools/bin/../lib/gcc/arm-none-eabi/12.3.1/../../../../arm-none-eabi/lib/thumb/v7e-m+fp/hard\libc_nano.a(libc_a-reent.o) (_impure_ptr)
D:/Programs/STM32CubeIDE_1.16.0/STM32CubeIDE/plugins/com.st.stm32cube.ide.mcu.externaltools.gnu-tools-for-stm32.12.3.rel1.win32_1.0.200.202406191623/tools/bin/../lib/gcc/arm-none-eabi/12.3.1/../../../../arm-none-eabi/lib/thumb/v7e-m+fp/hard\libc_nano.a(libc_a-lseekr.o)
[...]
Memory Configuration

Name             Origin             Length             Attributes
RAM              0x20000000         0x00008000         xrw
FLASH            0x08000000         0x00020000         xr
*default*        0x00000000         0xffffffff

Linker script and memory map

LOAD D:/Programs/STM32CubeIDE_1.16.0/STM32CubeIDE/plugins/com.st.stm32cube.ide.mcu.externaltools.gnu-tools-for-stm32.12.3.rel1.win32_1.0.200.202406191623/tools/bin/../lib/gcc/arm-none-eabi/12.3.1/thumb/v7e-m+fp/hard/crti.o
LOAD D:/Programs/STM32CubeIDE_1.16.0/STM32CubeIDE/plugins/com.st.stm32cube.ide.mcu.externaltools.gnu-tools-for-stm32.12.3.rel1.win32_1.0.200.202406191623/tools/bin/../lib/gcc/arm-none-eabi/12.3.1/thumb/v7e-m+fp/hard/crtbegin.o
LOAD D:/Programs/STM32CubeIDE_1.16.0/STM32CubeIDE/plugins/com.st.stm32cube.ide.mcu.externaltools.gnu-tools-for-stm32.12.3.rel1.win32_1.0.200.202406191623/tools/bin/../lib/gcc/arm-none-eabi/12.3.1/../../../../arm-none-eabi/lib/thumb/v7e-m+fp/hard/crt0.o
LOAD ./Core/Src/NRF24.o
LOAD ./Core/Src/main.o
LOAD ./Core/Src/stm32g4xx_hal_msp.o
LOAD ./Core/Src/stm32g4xx_it.o
LOAD ./Core/Src/syscalls.o
LOAD ./Core/Src/sysmem.o
LOAD ./Core/Src/system_stm32g4xx.o
LOAD ./Core/Startup/startup_stm32g431kbtx.o
LOAD ./Drivers/STM32G4xx_HAL_Driver/Src/stm32g4xx_hal.o
LOAD ./Drivers/STM32G4xx_HAL_Driver/Src/stm32g4xx_hal_adc.o
LOAD ./Drivers/STM32G4xx_HAL_Driver/Src/stm32g4xx_hal_adc_ex.o
LOAD ./Drivers/STM32G4xx_HAL_Driver/Src/stm32g4xx_hal_cortex.o
LOAD ./Drivers/STM32G4xx_HAL_Driver/Src/stm32g4xx_hal_dma.o
LOAD ./Drivers/STM32G4xx_HAL_Driver/Src/stm32g4xx_hal_dma_ex.o
LOAD ./Drivers/STM32G4xx_HAL_Driver/Src/stm32g4xx_hal_exti.o
LOAD ./Drivers/STM32G4xx_HAL_Driver/Src/stm32g4xx_hal_flash.o
LOAD ./Drivers/STM32G4xx_HAL_Driver/Src/stm32g4xx_hal_flash_ex.o
LOAD ./Drivers/STM32G4xx_HAL_Driver/Src/stm32g4xx_hal_flash_ramfunc.o
LOAD ./Drivers/STM32G4xx_HAL_Driver/Src/stm32g4xx_hal_gpio.o
LOAD ./Drivers/STM32G4xx_HAL_Driver/Src/stm32g4xx_hal_pwr.o
LOAD ./Drivers/STM32G4xx_HAL_Driver/Src/stm32g4xx_hal_pwr_ex.o
LOAD ./Drivers/STM32G4xx_HAL_Driver/Src/stm32g4xx_hal_rcc.o
LOAD ./Drivers/STM32G4xx_HAL_Driver/Src/stm32g4xx_hal_rcc_ex.o
LOAD ./Drivers/STM32G4xx_HAL_Driver/Src/stm32g4xx_hal_spi.o
LOAD ./Drivers/STM32G4xx_HAL_Driver/Src/stm32g4xx_hal_spi_ex.o
LOAD ./Drivers/STM32G4xx_HAL_Driver/Src/stm32g4xx_hal_tim.o
LOAD ./Drivers/STM32G4xx_HAL_Driver/Src/stm32g4xx_hal_tim_ex.o
LOAD ./Drivers/STM32G4xx_HAL_Driver/Src/stm32g4xx_ll_adc.o
START GROUP
LOAD D:/Programs/STM32CubeIDE_1.16.0/STM32CubeIDE/plugins/com.st.stm32cube.ide.mcu.externaltools.gnu-tools-for-stm32.12.3.rel1.win32_1.0.200.202406191623/tools/bin/../lib/gcc/arm-none-eabi/12.3.1/../../../../arm-none-eabi/lib/thumb/v7e-m+fp/hard\libc_nano.a
LOAD D:/Programs/STM32CubeIDE_1.16.0/STM32CubeIDE/plugins/com.st.stm32cube.ide.mcu.externaltools.gnu-tools-for-stm32.12.3.rel1.win32_1.0.200.202406191623/tools/bin/../lib/gcc/arm-none-eabi/12.3.1/../../../../arm-none-eabi/lib/thumb/v7e-m+fp/hard\libm.a
END GROUP
START GROUP
LOAD D:/Programs/STM32CubeIDE_1.16.0/STM32CubeIDE/plugins/com.st.stm32cube.ide.mcu.externaltools.gnu-tools-for-stm32.12.3.rel1.win32_1.0.200.202406191623/tools/bin/../lib/gcc/arm-none-eabi/12.3.1/thumb/v7e-m+fp/hard\libgcc.a
LOAD D:/Programs/STM32CubeIDE_1.16.0/STM32CubeIDE/plugins/com.st.stm32cube.ide.mcu.externaltools.gnu-tools-for-stm32.12.3.rel1.win32_1.0.200.202406191623/tools/bin/../lib/gcc/arm-none-eabi/12.3.1/../../../../arm-none-eabi/lib/thumb/v7e-m+fp/hard\libc_nano.a
END GROUP
START GROUP
LOAD D:/Programs/STM32CubeIDE_1.16.0/STM32CubeIDE/plugins/com.st.stm32cube.ide.mcu.externaltools.gnu-tools-for-stm32.12.3.rel1.win32_1.0.200.202406191623/tools/bin/../lib/gcc/arm-none-eabi/12.3.1/thumb/v7e-m+fp/hard\libgcc.a
LOAD D:/Programs/STM32CubeIDE_1.16.0/STM32CubeIDE/plugins/com.st.stm32cube.ide.mcu.externaltools.gnu-tools-for-stm32.12.3.rel1.win32_1.0.200.202406191623/tools/bin/../lib/gcc/arm-none-eabi/12.3.1/../../../../arm-none-eabi/lib/thumb/v7e-m+fp/hard\libc_nano.a
LOAD D:/Programs/STM32CubeIDE_1.16.0/STM32CubeIDE/plugins/com.st.stm32cube.ide.mcu.externaltools.gnu-tools-for-stm32.12.3.rel1.win32_1.0.200.202406191623/tools/bin/../lib/gcc/arm-none-eabi/12.3.1/../../../../arm-none-eabi/lib/thumb/v7e-m+fp/hard\libnosys.a
END GROUP
START GROUP
LOAD D:/Programs/STM32CubeIDE_1.16.0/STM32CubeIDE/plugins/com.st.stm32cube.ide.mcu.externaltools.gnu-tools-for-stm32.12.3.rel1.win32_1.0.200.202406191623/tools/bin/../lib/gcc/arm-none-eabi/12.3.1/thumb/v7e-m+fp/hard\libgcc.a
LOAD D:/Programs/STM32CubeIDE_1.16.0/STM32CubeIDE/plugins/com.st.stm32cube.ide.mcu.externaltools.gnu-tools-for-stm32.12.3.rel1.win32_1.0.200.202406191623/tools/bin/../lib/gcc/arm-none-eabi/12.3.1/../../../../arm-none-eabi/lib/thumb/v7e-m+fp/hard\libc_nano.a
LOAD D:/Programs/STM32CubeIDE_1.16.0/STM32CubeIDE/plugins/com.st.stm32cube.ide.mcu.externaltools.gnu-tools-for-stm32.12.3.rel1.win32_1.0.200.202406191623/tools/bin/../lib/gcc/arm-none-eabi/12.3.1/../../../../arm-none-eabi/lib/thumb/v7e-m+fp/hard\libnosys.a
END GROUP
LOAD D:/Programs/STM32CubeIDE_1.16.0/STM32CubeIDE/plugins/com.st.stm32cube.ide.mcu.externaltools.gnu-tools-for-stm32.12.3.rel1.win32_1.0.200.202406191623/tools/bin/../lib/gcc/arm-none-eabi/12.3.1/thumb/v7e-m+fp/hard/crtend.o
LOAD D:/Programs/STM32CubeIDE_1.16.0/STM32CubeIDE/plugins/com.st.stm32cube.ide.mcu.externaltools.gnu-tools-for-stm32.12.3.rel1.win32_1.0.200.202406191623/tools/bin/../lib/gcc/arm-none-eabi/12.3.1/thumb/v7e-m+fp/hard/crtn.o
                0x20008000                        _estack = (ORIGIN (RAM) + LENGTH (RAM))
                0x00000200                        _Min_Heap_Size = 0x200
                0x00000400                        _Min_Stack_Size = 0x400

.isr_vector     0x08000000      0x1d8
                0x08000000                        . = ALIGN (0x4)
 *(.isr_vector)
 .isr_vector    0x08000000      0x1d8 ./Core/Startup/startup_stm32g431kbtx.o
                0x08000000                g_pfnVectors
                0x080001d8                        . = ALIGN (0x4)

.text           0x080001d8     0x42e8
                0x080001d8                        . = ALIGN (0x4)
 *(.text)
 .text          0x080001d8       0x40 D:/Programs/STM32CubeIDE_1.16.0/STM32CubeIDE/plugins/com.st.stm32cube.ide.mcu.externaltools.gnu-tools-for-stm32.12.3.rel1.win32_1.0.200.202406191623/tools/bin/../lib/gcc/arm-none-eabi/12.3.1/thumb/v7e-m+fp/hard/crtbegin.o
 *(.text*)
 .text.NRF24_CE_L
                0x08000218       0x14 ./Core/Src/NRF24.o
 .text.NRF24_CE_H
                0x0800022c       0x14 ./Core/Src/NRF24.o
 .text.NRF24_CSN_L
                0x08000240       0x14 ./Core/Src/NRF24.o
 .text.NRF24_CSN_H
                0x08000254       0x14 ./Core/Src/NRF24.o
 .text.NRF24_SPI_Send
                0x08000268       0x38 ./Core/Src/NRF24.o
 .text.NRF24_CMD
                0x080002a0       0x22 ./Core/Src/NRF24.o
                0x080002a0                NRF24_CMD
 .text.NRF24_ReadReg
                0x080002c2       0x2e ./Core/Src/NRF24.o
                0x080002c2                NRF24_ReadReg
 .text.NRF24_WriteReg
                0x080002f0       0x36 ./Core/Src/NRF24.o
                0x080002f0                NRF24_WriteReg
 .text.NRF24_Init
                0x08000326      0x12c ./Core/Src/NRF24.o
                0x08000326                NRF24_Init
 .text.NRF24_TX_Address
                0x08000452       0x60 ./Core/Src/NRF24.o
                0x08000452                NRF24_TX_Address
 .text.NRF24_TX_Mode
                0x080004b2       0x22 ./Core/Src/NRF24.o
                0x080004b2                NRF24_TX_Mode
 .text.NRF24_Transmit
                0x080004d4       0x88 ./Core/Src/NRF24.o
                0x080004d4                NRF24_Transmit
 .text.CalculateChecksum
                0x0800055c       0x44 ./Core/Src/NRF24.o
                0x0800055c                CalculateChecksum
 .text.PackIntoArray
                0x080005a0       0x54 ./Core/Src/NRF24.o
                0x080005a0                PackIntoArray
 .text.UpdateJoystickValues
                0x080005f4       0x48 ./Core/Src/main.o
                0x080005f4                UpdateJoystickValues
 .text.main     0x0800063c       0x78 ./Core/Src/main.o
                0x0800063c                main
 .text.SystemClock_Config
                0x080006b4       0x80 ./Core/Src/main.o
                0x080006b4                SystemClock_Config
 .text.MX_ADC1_Init
                0x08000734      0x110 ./Core/Src/main.o
 .text.MX_SPI1_Init
                0x08000844       0x7c ./Core/Src/main.o
 .text.MX_GPIO_Init
                0x080008c0       0xb8 ./Core/Src/main.o
 .text.Error_Handler
                0x08000978       0x12 ./Core/Src/main.o
                0x08000978                Error_Handler
 *fill*         0x0800098a        0x2 
 .text.HAL_MspInit
                0x0800098c       0x48 ./Core/Src/stm32g4xx_hal_msp.o
                0x0800098c                HAL_MspInit
 .text.HAL_ADC_MspInit
                0x080009d4       0xa8 ./Core/Src/stm32g4xx_hal_msp.o
                0x080009d4                HAL_ADC_MspInit
 .text.HAL_SPI_MspInit
                0x08000a7c       0x84 ./Core/Src/stm32g4xx_hal_msp.o
                0x08000a7c                HAL_SPI_MspInit
 .text.NMI_Handler
                0x08000b00        0x8 ./Core/Src/stm32g4xx_it.o
                0x08000b00                NMI_Handler
 .text.HardFault_Handler
                0x08000b08        0x8 ./Core/Src/stm32g4xx_it.o
                0x08000b08                HardFault_Handler
 .text.MemManage_Handler
                0x08000b10        0x8 ./Core/Src/stm32g4xx_it.o
                0x08000b10                MemManage_Handler
 .text.BusFault_Handler
                0x08000b18        0x8 ./Core/Src/stm32g4xx_it.o
                0x08000b18                BusFault_Handler
 .text.UsageFault_Handler
                0x08000b20        0x8 ./Core/Src/stm32g4xx_it.o
                0x08000b20                UsageFault_Handler
 .text.SVC_Handler
                0x08000b28        0xe ./Core/Src/stm32g4xx_it.o
                0x08000b28                SVC_Handler
 .text.DebugMon_Handler
                0x08000b36        0xe ./Core/Src/stm32g4xx_it.o
                0x08000b36                DebugMon_Handler
 .text.PendSV_Handler
                0x08000b44        0xe ./Core/Src/stm32g4xx_it.o
                0x08000b44                PendSV_Handler
 .text.SysTick_Handler
                0x08000b52        0xc ./Core/Src/stm32g4xx_it.o
                0x08000b52                SysTick_Handler
 *fill*         0x08000b5e        0x2 
 .text.SystemInit
                0x08000b60       0x24 ./Core/Src/system_stm32g4xx.o
                0x08000b60                SystemInit
 .text.Reset_Handler
                0x08000b84       0x50 ./Core/Startup/startup_stm32g431kbtx.o
                0x08000b84                Reset_Handler
 .text.Default_Handler
                0x08000bd4        0x2 ./Core/Startup/startup_stm32g431kbtx.o
                0x08000bd4                RTC_Alarm_IRQHandler
                0x08000bd4                EXTI2_IRQHandler
                0x08000bd4                TIM8_TRG_COM_IRQHandler
                0x08000bd4                TIM8_CC_IRQHandler
                0x08000bd4                TIM1_CC_IRQHandler
                0x08000bd4                USB_HP_IRQHandler
                0x08000bd4                CORDIC_IRQHandler
                0x08000bd4                EXTI3_IRQHandler
                0x08000bd4                I2C3_ER_IRQHandler
                0x08000bd4                EXTI0_IRQHandler
                0x08000bd4                I2C2_EV_IRQHandler
                0x08000bd4                FPU_IRQHandler
                0x08000bd4                FDCAN1_IT1_IRQHandler
                0x08000bd4                TIM1_UP_TIM16_IRQHandler
                0x08000bd4                ADC1_2_IRQHandler
                0x08000bd4                SPI1_IRQHandler
                0x08000bd4                TIM6_DAC_IRQHandler
                0x08000bd4                TIM8_UP_IRQHandler
                0x08000bd4                DMA2_Channel2_IRQHandler
                0x08000bd4                DMA1_Channel4_IRQHandler
                0x08000bd4                USART3_IRQHandler
                0x08000bd4                TIM4_IRQHandler
                0x08000bd4                DMA2_Channel1_IRQHandler
                0x08000bd4                I2C1_EV_IRQHandler
                0x08000bd4                DMA1_Channel6_IRQHandler
                0x08000bd4                UART4_IRQHandler
                0x08000bd4                DMA2_Channel4_IRQHandler
                0x08000bd4                TIM3_IRQHandler
                0x08000bd4                RCC_IRQHandler
                0x08000bd4                DMA1_Channel1_IRQHandler
                0x08000bd4                Default_Handler
                0x08000bd4                RTC_TAMP_LSECSS_IRQHandler
                0x08000bd4                FMAC_IRQHandler
                0x08000bd4                EXTI15_10_IRQHandler
                0x08000bd4                TIM7_IRQHandler
                0x08000bd4                UCPD1_IRQHandler
                0x08000bd4                I2C3_EV_IRQHandler
                0x08000bd4                EXTI9_5_IRQHandler
                0x08000bd4                RTC_WKUP_IRQHandler
                0x08000bd4                PVD_PVM_IRQHandler
                0x08000bd4                SPI2_IRQHandler
                0x08000bd4                DMA2_Channel5_IRQHandler
                0x08000bd4                CRS_IRQHandler
                0x08000bd4                DMA1_Channel5_IRQHandler
                0x08000bd4                USB_LP_IRQHandler
                0x08000bd4                EXTI4_IRQHandler
                0x08000bd4                RNG_IRQHandler
                0x08000bd4                TIM1_TRG_COM_TIM17_IRQHandler
                0x08000bd4                DMA1_Channel3_IRQHandler
                0x08000bd4                WWDG_IRQHandler
                0x08000bd4                LPUART1_IRQHandler
                0x08000bd4                DMA2_Channel6_IRQHandler
                0x08000bd4                FDCAN1_IT0_IRQHandler
                0x08000bd4                TIM2_IRQHandler
                0x08000bd4                COMP1_2_3_IRQHandler
                0x08000bd4                EXTI1_IRQHandler
                0x08000bd4                USART2_IRQHandler
                0x08000bd4                I2C2_ER_IRQHandler
                0x08000bd4                DMA1_Channel2_IRQHandler
                0x08000bd4                TIM8_BRK_IRQHandler
                0x08000bd4                FLASH_IRQHandler
                0x08000bd4                USART1_IRQHandler
                0x08000bd4                SPI3_IRQHandler
                0x08000bd4                I2C1_ER_IRQHandler
                0x08000bd4                LPTIM1_IRQHandler
                0x08000bd4                DMAMUX_OVR_IRQHandler
                0x08000bd4                USBWakeUp_IRQHandler
                0x08000bd4                SAI1_IRQHandler
                0x08000bd4                DMA2_Channel3_IRQHandler
                0x08000bd4                COMP4_IRQHandler
                0x08000bd4                TIM1_BRK_TIM15_IRQHandler
 .text.HAL_Init
                0x08000bd6       0x30 ./Drivers/STM32G4xx_HAL_Driver/Src/stm32g4xx_hal.o
                0x08000bd6                HAL_Init
 *fill*         0x08000c06        0x2 
 .text.HAL_InitTick
                0x08000c08       0x74 ./Drivers/STM32G4xx_HAL_Driver/Src/stm32g4xx_hal.o
                0x08000c08                HAL_InitTick
 .text.HAL_IncTick
                0x08000c7c       0x24 ./Drivers/STM32G4xx_HAL_Driver/Src/stm32g4xx_hal.o
                0x08000c7c                HAL_IncTick
 .text.HAL_GetTick
                0x08000ca0       0x18 ./Drivers/STM32G4xx_HAL_Driver/Src/stm32g4xx_hal.o
                0x08000ca0                HAL_GetTick
 .text.HAL_Delay
                0x08000cb8       0x44 ./Drivers/STM32G4xx_HAL_Driver/Src/stm32g4xx_hal.o
                0x08000cb8                HAL_Delay
 .text.LL_ADC_SetCommonClock
                0x08000cfc       0x26 ./Drivers/STM32G4xx_HAL_Driver/Src/stm32g4xx_hal_adc.o
 .text.LL_ADC_SetCommonPathInternalCh
                0x08000d22       0x26 ./Drivers/STM32G4xx_HAL_Driver/Src/stm32g4xx_hal_adc.o
 .text.LL_ADC_GetCommonPathInternalCh
                0x08000d48       0x1c ./Drivers/STM32G4xx_HAL_Driver/Src/stm32g4xx_hal_adc.o
 .text.LL_ADC_SetOffset
                0x08000d64       0x48 ./Drivers/STM32G4xx_HAL_Driver/Src/stm32g4xx_hal_adc.o
 .text.LL_ADC_GetOffsetChannel
                0x08000dac       0x2c ./Drivers/STM32G4xx_HAL_Driver/Src/stm32g4xx_hal_adc.o
 .text.LL_ADC_SetOffsetState
                0x08000dd8       0x36 ./Drivers/STM32G4xx_HAL_Driver/Src/stm32g4xx_hal_adc.o
 .text.LL_ADC_SetOffsetSign
                0x08000e0e       0x36 ./Drivers/STM32G4xx_HAL_Driver/Src/stm32g4xx_hal_adc.o
 .text.LL_ADC_SetOffsetSaturation
                0x08000e44       0x36 ./Drivers/STM32G4xx_HAL_Driver/Src/stm32g4xx_hal_adc.o
 .text.LL_ADC_SetSamplingTimeCommonConfig
                0x08000e7a       0x26 ./Drivers/STM32G4xx_HAL_Driver/Src/stm32g4xx_hal_adc.o
 .text.LL_ADC_REG_IsTriggerSourceSWStart
                0x08000ea0       0x26 ./Drivers/STM32G4xx_HAL_Driver/Src/stm32g4xx_hal_adc.o
 .text.LL_ADC_REG_SetSequencerRanks
                0x08000ec6       0x58 ./Drivers/STM32G4xx_HAL_Driver/Src/stm32g4xx_hal_adc.o
 .text.LL_ADC_SetChannelSamplingTime
                0x08000f1e       0x56 ./Drivers/STM32G4xx_HAL_Driver/Src/stm32g4xx_hal_adc.o
 .text.LL_ADC_SetChannelSingleDiff
                0x08000f74       0x48 ./Drivers/STM32G4xx_HAL_Driver/Src/stm32g4xx_hal_adc.o
 .text.LL_ADC_GetMultimode
                0x08000fbc       0x1c ./Drivers/STM32G4xx_HAL_Driver/Src/stm32g4xx_hal_adc.o
 .text.LL_ADC_GetMultiDMATransfer
                0x08000fd8       0x1c ./Drivers/STM32G4xx_HAL_Driver/Src/stm32g4xx_hal_adc.o
 .text.LL_ADC_DisableDeepPowerDown
                0x08000ff4       0x24 ./Drivers/STM32G4xx_HAL_Driver/Src/stm32g4xx_hal_adc.o
 .text.LL_ADC_IsDeepPowerDownEnabled
                0x08001018       0x28 ./Drivers/STM32G4xx_HAL_Driver/Src/stm32g4xx_hal_adc.o
 .text.LL_ADC_EnableInternalRegulator
                0x08001040       0x28 ./Drivers/STM32G4xx_HAL_Driver/Src/stm32g4xx_hal_adc.o
 .text.LL_ADC_IsInternalRegulatorEnabled
                0x08001068       0x28 ./Drivers/STM32G4xx_HAL_Driver/Src/stm32g4xx_hal_adc.o
 .text.LL_ADC_Enable
                0x08001090       0x28 ./Drivers/STM32G4xx_HAL_Driver/Src/stm32g4xx_hal_adc.o
 .text.LL_ADC_Disable
                0x080010b8       0x28 ./Drivers/STM32G4xx_HAL_Driver/Src/stm32g4xx_hal_adc.o
 .text.LL_ADC_IsEnabled
                0x080010e0       0x26 ./Drivers/STM32G4xx_HAL_Driver/Src/stm32g4xx_hal_adc.o
 .text.LL_ADC_IsDisableOngoing
                0x08001106       0x26 ./Drivers/STM32G4xx_HAL_Driver/Src/stm32g4xx_hal_adc.o
 .text.LL_ADC_REG_StartConversion
                0x0800112c       0x28 ./Drivers/STM32G4xx_HAL_Driver/Src/stm32g4xx_hal_adc.o
 .text.LL_ADC_REG_StopConversion
                0x08001154       0x28 ./Drivers/STM32G4xx_HAL_Driver/Src/stm32g4xx_hal_adc.o
 .text.LL_ADC_REG_IsConversionOngoing
                0x0800117c       0x26 ./Drivers/STM32G4xx_HAL_Driver/Src/stm32g4xx_hal_adc.o
 .text.LL_ADC_INJ_StopConversion
                0x080011a2       0x28 ./Drivers/STM32G4xx_HAL_Driver/Src/stm32g4xx_hal_adc.o
 .text.LL_ADC_INJ_IsConversionOngoing
                0x080011ca       0x26 ./Drivers/STM32G4xx_HAL_Driver/Src/stm32g4xx_hal_adc.o
 .text.HAL_ADC_Init
                0x080011f0      0x308 ./Drivers/STM32G4xx_HAL_Driver/Src/stm32g4xx_hal_adc.o
                0x080011f0                HAL_ADC_Init
 .text.HAL_ADC_Start
                0x080014f8      0x178 ./Drivers/STM32G4xx_HAL_Driver/Src/stm32g4xx_hal_adc.o
                0x080014f8                HAL_ADC_Start
 .text.HAL_ADC_Stop
                0x08001670       0x66 ./Drivers/STM32G4xx_HAL_Driver/Src/stm32g4xx_hal_adc.o
                0x08001670                HAL_ADC_Stop
 *fill*         0x080016d6        0x2 
 .text.HAL_ADC_PollForConversion
                0x080016d8      0x1b0 ./Drivers/STM32G4xx_HAL_Driver/Src/stm32g4xx_hal_adc.o
                0x080016d8                HAL_ADC_PollForConversion
 .text.HAL_ADC_Start_IT
                0x08001888      0x260 ./Drivers/STM32G4xx_HAL_Driver/Src/stm32g4xx_hal_adc.o
                0x08001888                HAL_ADC_Start_IT
 .text.HAL_ADC_GetValue
                0x08001ae8       0x1a ./Drivers/STM32G4xx_HAL_Driver/Src/stm32g4xx_hal_adc.o
                0x08001ae8                HAL_ADC_GetValue
 *fill*         0x08001b02        0x2 
 .text.HAL_ADC_ConfigChannel
                0x08001b04      0x7e0 ./Drivers/STM32G4xx_HAL_Driver/Src/stm32g4xx_hal_adc.o
                0x08001b04                HAL_ADC_ConfigChannel
 .text.ADC_ConversionStop
                0x080022e4      0x178 ./Drivers/STM32G4xx_HAL_Driver/Src/stm32g4xx_hal_adc.o
                0x080022e4                ADC_ConversionStop
 .text.ADC_Enable
                0x0800245c      0x10c ./Drivers/STM32G4xx_HAL_Driver/Src/stm32g4xx_hal_adc.o
                0x0800245c                ADC_Enable
 .text.ADC_Disable
                0x08002568       0xbe ./Drivers/STM32G4xx_HAL_Driver/Src/stm32g4xx_hal_adc.o
                0x08002568                ADC_Disable
 .text.LL_ADC_IsEnabled
                0x08002626       0x26 ./Drivers/STM32G4xx_HAL_Driver/Src/stm32g4xx_hal_adc_ex.o
 .text.LL_ADC_REG_IsConversionOngoing
                0x0800264c       0x26 ./Drivers/STM32G4xx_HAL_Driver/Src/stm32g4xx_hal_adc_ex.o
 *fill*         0x08002672        0x2 
 .text.HAL_ADCEx_MultiModeConfigChannel
                0x08002674      0x148 ./Drivers/STM32G4xx_HAL_Driver/Src/stm32g4xx_hal_adc_ex.o
                0x08002674                HAL_ADCEx_MultiModeConfigChannel
 .text.__NVIC_SetPriorityGrouping
                0x080027bc       0x48 ./Drivers/STM32G4xx_HAL_Driver/Src/stm32g4xx_hal_cortex.o
 .text.__NVIC_GetPriorityGrouping
                0x08002804       0x1c ./Drivers/STM32G4xx_HAL_Driver/Src/stm32g4xx_hal_cortex.o
 .text.__NVIC_SetPriority
                0x08002820       0x54 ./Drivers/STM32G4xx_HAL_Driver/Src/stm32g4xx_hal_cortex.o
 .text.NVIC_EncodePriority
                0x08002874       0x66 ./Drivers/STM32G4xx_HAL_Driver/Src/stm32g4xx_hal_cortex.o
 *fill*         0x080028da        0x2 
 .text.SysTick_Config
                0x080028dc       0x44 ./Drivers/STM32G4xx_HAL_Driver/Src/stm32g4xx_hal_cortex.o
 .text.HAL_NVIC_SetPriorityGrouping
                0x08002920       0x16 ./Drivers/STM32G4xx_HAL_Driver/Src/stm32g4xx_hal_cortex.o
                0x08002920                HAL_NVIC_SetPriorityGrouping
 .text.HAL_NVIC_SetPriority
                0x08002936       0x34 ./Drivers/STM32G4xx_HAL_Driver/Src/stm32g4xx_hal_cortex.o
                0x08002936                HAL_NVIC_SetPriority
 .text.HAL_SYSTICK_Config
                0x0800296a       0x18 ./Drivers/STM32G4xx_HAL_Driver/Src/stm32g4xx_hal_cortex.o
                0x0800296a                HAL_SYSTICK_Config
 *fill*         0x08002982        0x2 
 .text.HAL_GPIO_Init
                0x08002984      0x304 ./Drivers/STM32G4xx_HAL_Driver/Src/stm32g4xx_hal_gpio.o
                0x08002984                HAL_GPIO_Init
 .text.HAL_GPIO_WritePin
                0x08002c88       0x30 ./Drivers/STM32G4xx_HAL_Driver/Src/stm32g4xx_hal_gpio.o
                0x08002c88                HAL_GPIO_WritePin
 .text.HAL_PWREx_ControlVoltageScaling
                0x08002cb8      0x148 ./Drivers/STM32G4xx_HAL_Driver/Src/stm32g4xx_hal_pwr_ex.o
                0x08002cb8                HAL_PWREx_ControlVoltageScaling
 .text.HAL_PWREx_DisableUCPDDeadBattery
                0x08002e00       0x20 ./Drivers/STM32G4xx_HAL_Driver/Src/stm32g4xx_hal_pwr_ex.o
                0x08002e00                HAL_PWREx_DisableUCPDDeadBattery
 .text.HAL_RCC_OscConfig
                0x08002e20      0x624 ./Drivers/STM32G4xx_HAL_Driver/Src/stm32g4xx_hal_rcc.o
                0x08002e20                HAL_RCC_OscConfig
 .text.HAL_RCC_ClockConfig
                0x08003444      0x278 ./Drivers/STM32G4xx_HAL_Driver/Src/stm32g4xx_hal_rcc.o
                0x08003444                HAL_RCC_ClockConfig
 .text.HAL_RCC_GetSysClockFreq
                0x080036bc       0xc4 ./Drivers/STM32G4xx_HAL_Driver/Src/stm32g4xx_hal_rcc.o
                0x080036bc                HAL_RCC_GetSysClockFreq
 .text.RCC_GetSysClockFreqFromPLLSource
                0x08003780       0x8c ./Drivers/STM32G4xx_HAL_Driver/Src/stm32g4xx_hal_rcc.o
 .text.HAL_RCCEx_PeriphCLKConfig
                0x0800380c      0x3e0 ./Drivers/STM32G4xx_HAL_Driver/Src/stm32g4xx_hal_rcc_ex.o
                0x0800380c                HAL_RCCEx_PeriphCLKConfig
 .text.HAL_SPI_Init
                0x08003bec      0x156 ./Drivers/STM32G4xx_HAL_Driver/Src/stm32g4xx_hal_spi.o
                0x08003bec                HAL_SPI_Init
 .text.HAL_SPI_TransmitReceive
                0x08003d42      0x444 ./Drivers/STM32G4xx_HAL_Driver/Src/stm32g4xx_hal_spi.o
                0x08003d42                HAL_SPI_TransmitReceive
 *fill*         0x08004186        0x2 
 .text.SPI_WaitFlagStateUntilTimeout
                0x08004188      0x110 ./Drivers/STM32G4xx_HAL_Driver/Src/stm32g4xx_hal_spi.o
 .text.SPI_WaitFifoStateUntilTimeout
                0x08004298      0x12c ./Drivers/STM32G4xx_HAL_Driver/Src/stm32g4xx_hal_spi.o
 .text.SPI_EndRxTxTransaction
                0x080043c4       0x8c ./Drivers/STM32G4xx_HAL_Driver/Src/stm32g4xx_hal_spi.o
 .text.memset   0x08004450       0x10 D:/Programs/STM32CubeIDE_1.16.0/STM32CubeIDE/plugins/com.st.stm32cube.ide.mcu.externaltools.gnu-tools-for-stm32.12.3.rel1.win32_1.0.200.202406191623/tools/bin/../lib/gcc/arm-none-eabi/12.3.1/../../../../arm-none-eabi/lib/thumb/v7e-m+fp/hard\libc_nano.a(libc_a-memset.o)
                0x08004450                memset
 .text.__libc_init_array
                0x08004460       0x48 D:/Programs/STM32CubeIDE_1.16.0/STM32CubeIDE/plugins/com.st.stm32cube.ide.mcu.externaltools.gnu-tools-for-stm32.12.3.rel1.win32_1.0.200.202406191623/tools/bin/../lib/gcc/arm-none-eabi/12.3.1/../../../../arm-none-eabi/lib/thumb/v7e-m+fp/hard\libc_nano.a(libc_a-init.o)
                0x08004460                __libc_init_array
 *(.glue_7)
 .glue_7        0x080044a8        0x0 linker stubs
 *(.glue_7t)
 .glue_7t       0x080044a8        0x0 linker stubs
 *(.eh_frame)
 .eh_frame      0x080044a8        0x0 D:/Programs/STM32CubeIDE_1.16.0/STM32CubeIDE/plugins/com.st.stm32cube.ide.mcu.externaltools.gnu-tools-for-stm32.12.3.rel1.win32_1.0.200.202406191623/tools/bin/../lib/gcc/arm-none-eabi/12.3.1/thumb/v7e-m+fp/hard/crtbegin.o
 *(.init)
 .init          0x080044a8        0x4 D:/Programs/STM32CubeIDE_1.16.0/STM32CubeIDE/plugins/com.st.stm32cube.ide.mcu.externaltools.gnu-tools-for-stm32.12.3.rel1.win32_1.0.200.202406191623/tools/bin/../lib/gcc/arm-none-eabi/12.3.1/thumb/v7e-m+fp/hard/crti.o
                0x080044a8                _init
 .init          0x080044ac        0x8 D:/Programs/STM32CubeIDE_1.16.0/STM32CubeIDE/plugins/com.st.stm32cube.ide.mcu.externaltools.gnu-tools-for-stm32.12.3.rel1.win32_1.0.200.202406191623/tools/bin/../lib/gcc/arm-none-eabi/12.3.1/thumb/v7e-m+fp/hard/crtn.o
 *(.fini)
 .fini          0x080044b4        0x4 D:/Programs/STM32CubeIDE_1.16.0/STM32CubeIDE/plugins/com.st.stm32cube.ide.mcu.externaltools.gnu-tools-for-stm32.12.3.rel1.win32_1.0.200.202406191623/tools/bin/../lib/gcc/arm-none-eabi/12.3.1/thumb/v7e-m+fp/hard/crti.o
                0x080044b4                _fini
 .fini          0x080044b8        0x8 D:/Programs/STM32CubeIDE_1.16.0/STM32CubeIDE/plugins/com.st.stm32cube.ide.mcu.externaltools.gnu-tools-for-stm32.12.3.rel1.win32_1.0.200.202406191623/tools/bin/../lib/gcc/arm-none-eabi/12.3.1/thumb/v7e-m+fp/hard/crtn.o
                0x080044c0                        . = ALIGN (0x4)
                0x080044c0                        _etext = .

.vfp11_veneer   0x080044c0        0x0
 .vfp11_veneer  0x080044c0        0x0 linker stubs

.v4_bx          0x080044c0        0x0
 .v4_bx         0x080044c0        0x0 linker stubs

.iplt           0x080044c0        0x0
 .iplt          0x080044c0        0x0 D:/Programs/STM32CubeIDE_1.16.0/STM32CubeIDE/plugins/com.st.stm32cube.ide.mcu.externaltools.gnu-tools-for-stm32.12.3.rel1.win32_1.0.200.202406191623/tools/bin/../lib/gcc/arm-none-eabi/12.3.1/thumb/v7e-m+fp/hard/crtbegin.o

.rodata         0x080044c0       0x10
                0x080044c0                        . = ALIGN (0x4)
 *(.rodata)
 *(.rodata*)
 .rodata.AHBPrescTable
                0x080044c0       0x10 ./Core/Src/system_stm32g4xx.o
                0x080044c0                AHBPrescTable
                0x080044d0                        . = ALIGN (0x4)

.ARM.extab      0x080044d0        0x0
                0x080044d0                        . = ALIGN (0x4)
 *(.ARM.extab* .gnu.linkonce.armextab.*)
                0x080044d0                        . = ALIGN (0x4)

.ARM            0x080044d0        0x0
                0x080044d0                        . = ALIGN (0x4)
                0x080044d0                        __exidx_start = .
 *(.ARM.exidx*)
                0x080044d0                        __exidx_end = .
                0x080044d0                        . = ALIGN (0x4)

.preinit_array  0x080044d0        0x0
                0x080044d0                        . = ALIGN (0x4)
                0x080044d0                        PROVIDE (__preinit_array_start = .)
 *(.preinit_array*)
                0x080044d0                        PROVIDE (__preinit_array_end = .)
                0x080044d0                        . = ALIGN (0x4)

.init_array     0x080044d0        0x4
                0x080044d0                        . = ALIGN (0x4)
                0x080044d0                        PROVIDE (__init_array_start = .)
 *(SORT_BY_NAME(.init_array.*))
 *(.init_array*)
 .init_array    0x080044d0        0x4 D:/Programs/STM32CubeIDE_1.16.0/STM32CubeIDE/plugins/com.st.stm32cube.ide.mcu.externaltools.gnu-tools-for-stm32.12.3.rel1.win32_1.0.200.202406191623/tools/bin/../lib/gcc/arm-none-eabi/12.3.1/thumb/v7e-m+fp/hard/crtbegin.o
                0x080044d4                        PROVIDE (__init_array_end = .)
                0x080044d4                        . = ALIGN (0x4)

.fini_array     0x080044d4        0x4
                0x080044d4                        . = ALIGN (0x4)
                [!provide]                        PROVIDE (__fini_array_start = .)
 *(SORT_BY_NAME(.fini_array.*))
 *(.fini_array*)
 .fini_array    0x080044d4        0x4 D:/Programs/STM32CubeIDE_1.16.0/STM32CubeIDE/plugins/com.st.stm32cube.ide.mcu.externaltools.gnu-tools-for-stm32.12.3.rel1.win32_1.0.200.202406191623/tools/bin/../lib/gcc/arm-none-eabi/12.3.1/thumb/v7e-m+fp/hard/crtbegin.o
                [!provide]                        PROVIDE (__fini_array_end = .)
                0x080044d8                        . = ALIGN (0x4)
                0x080044d8                        _sidata = LOADADDR (.data)

.rel.dyn        0x080044d8        0x0
 .rel.iplt      0x080044d8        0x0 D:/Programs/STM32CubeIDE_1.16.0/STM32CubeIDE/plugins/com.st.stm32cube.ide.mcu.externaltools.gnu-tools-for-stm32.12.3.rel1.win32_1.0.200.202406191623/tools/bin/../lib/gcc/arm-none-eabi/12.3.1/thumb/v7e-m+fp/hard/crtbegin.o

.data           0x20000000        0xc load address 0x080044d8
                0x20000000                        . = ALIGN (0x4)
                0x20000000                        _sdata = .
 *(.data)
 *(.data*)
 .data.SystemCoreClock
                0x20000000        0x4 ./Core/Src/system_stm32g4xx.o
                0x20000000                SystemCoreClock
 .data.uwTickPrio
                0x20000004        0x4 ./Drivers/STM32G4xx_HAL_Driver/Src/stm32g4xx_hal.o
                0x20000004                uwTickPrio
 .data.uwTickFreq
                0x20000008        0x4 ./Drivers/STM32G4xx_HAL_Driver/Src/stm32g4xx_hal.o
                0x20000008                uwTickFreq
 *(.RamFunc)
 *(.RamFunc*)
                0x2000000c                        . = ALIGN (0x4)
                0x2000000c                        _edata = .

.igot.plt       0x2000000c        0x0 load address 0x080044e4
 .igot.plt      0x2000000c        0x0 D:/Programs/STM32CubeIDE_1.16.0/STM32CubeIDE/plugins/com.st.stm32cube.ide.mcu.externaltools.gnu-tools-for-stm32.12.3.rel1.win32_1.0.200.202406191623/tools/bin/../lib/gcc/arm-none-eabi/12.3.1/thumb/v7e-m+fp/hard/crtbegin.o
                0x2000000c                        . = ALIGN (0x4)

.bss            0x2000000c      0x100 load address 0x080044e4
                0x2000000c                        _sbss = .
                0x2000000c                        __bss_start__ = _sbss
 *(.bss)
 .bss           0x2000000c       0x1c D:/Programs/STM32CubeIDE_1.16.0/STM32CubeIDE/plugins/com.st.stm32cube.ide.mcu.externaltools.gnu-tools-for-stm32.12.3.rel1.win32_1.0.200.202406191623/tools/bin/../lib/gcc/arm-none-eabi/12.3.1/thumb/v7e-m+fp/hard/crtbegin.o
 *(.bss*)
 .bss.myStruct  0x20000028        0x8 ./Core/Src/NRF24.o
                0x20000028                myStruct
 .bss.packedArray
                0x20000030        0x8 ./Core/Src/NRF24.o
                0x20000030                packedArray
 .bss.hadc1     0x20000038       0x6c ./Core/Src/main.o
                0x20000038                hadc1
 .bss.hspi1     0x200000a4       0x64 ./Core/Src/main.o
                0x200000a4                hspi1
 .bss.uwTick    0x20000108        0x4 ./Drivers/STM32G4xx_HAL_Driver/Src/stm32g4xx_hal.o
                0x20000108                uwTick
 *(COMMON)
                0x2000010c                        . = ALIGN (0x4)
                0x2000010c                        _ebss = .
                0x2000010c                        __bss_end__ = _ebss

._user_heap_stack
                0x2000010c      0x604 load address 0x080044e4
                0x20000110                        . = ALIGN (0x8)
 *fill*         0x2000010c        0x4 
                [!provide]                        PROVIDE (end = .)
                0x20000110                        PROVIDE (_end = .)
                0x20000310                        . = (. + _Min_Heap_Size)
 *fill*         0x20000110      0x200 
                0x20000710                        . = (. + _Min_Stack_Size)
 *fill*         0x20000310      0x400 
                0x20000710                        . = ALIGN (0x8)

/DISCARD/
 libc.a(*)
 libm.a(*)
 libgcc.a(*)

.ARM.attributes
                0x00000000       0x30
 *(.ARM.attributes)
 .ARM.attributes
                0x00000000       0x22 D:/Programs/STM32CubeIDE_1.16.0/STM32CubeIDE/plugins/com.st.stm32cube.ide.mcu.externaltools.gnu-tools-for-stm32.12.3.rel1.win32_1.0.200.202406191623/tools/bin/../lib/gcc/arm-none-eabi/12.3.1/thumb/v7e-m+fp/hard/crti.o
 .ARM.attributes
                0x00000022       0x34 D:/Programs/STM32CubeIDE_1.16.0/STM32CubeIDE/plugins/com.st.stm32cube.ide.mcu.externaltools.gnu-tools-for-stm32.12.3.rel1.win32_1.0.200.202406191623/tools/bin/../lib/gcc/arm-none-eabi/12.3.1/thumb/v7e-m+fp/hard/crtbegin.o
 .ARM.attributes
                0x00000056       0x34 ./Core/Src/NRF24.o
 .ARM.attributes
                0x0000008a       0x34 ./Core/Src/main.o
 .ARM.attributes
                0x000000be       0x34 ./Core/Src/stm32g4xx_hal_msp.o
 .ARM.attributes
                0x000000f2       0x34 ./Core/Src/stm32g4xx_it.o
 .ARM.attributes
                0x00000126       0x34 ./Core/Src/system_stm32g4xx.o
 .ARM.attributes
                0x0000015a       0x21 ./Core/Startup/startup_stm32g431kbtx.o
 .ARM.attributes
                0x0000017b       0x34 ./Drivers/STM32G4xx_HAL_Driver/Src/stm32g4xx_hal.o
 .ARM.attributes
                0x000001af       0x34 ./Drivers/STM32G4xx_HAL_Driver/Src/stm32g4xx_hal_adc.o
 .ARM.attributes
                0x000001e3       0x34 ./Drivers/STM32G4xx_HAL_Driver/Src/stm32g4xx_hal_adc_ex.o
 .ARM.attributes
                0x00000217       0x34 ./Drivers/STM32G4xx_HAL_Driver/Src/stm32g4xx_hal_cortex.o
 .ARM.attributes
                0x0000024b       0x34 ./Drivers/STM32G4xx_HAL_Driver/Src/stm32g4xx_hal_gpio.o
 .ARM.attributes
                0x0000027f       0x34 ./Drivers/STM32G4xx_HAL_Driver/Src/stm32g4xx_hal_pwr_ex.o
 .ARM.attributes
                0x000002b3       0x34 ./Drivers/STM32G4xx_HAL_Driver/Src/stm32g4xx_hal_rcc.o
 .ARM.attributes
                0x000002e7       0x34 ./Drivers/STM32G4xx_HAL_Driver/Src/stm32g4xx_hal_rcc_ex.o
 .ARM.attributes
                0x0000031b       0x34 ./Drivers/STM32G4xx_HAL_Driver/Src/stm32g4xx_hal_spi.o
 .ARM.attributes
                0x0000034f       0x34 D:/Programs/STM32CubeIDE_1.16.0/STM32CubeIDE/plugins/com.st.stm32cube.ide.mcu.externaltools.gnu-tools-for-stm32.12.3.rel1.win32_1.0.200.202406191623/tools/bin/../lib/gcc/arm-none-eabi/12.3.1/../../../../arm-none-eabi/lib/thumb/v7e-m+fp/hard\libc_nano.a(libc_a-memset.o)
 .ARM.attributes
                0x00000383       0x34 D:/Programs/STM32CubeIDE_1.16.0/STM32CubeIDE/plugins/com.st.stm32cube.ide.mcu.externaltools.gnu-tools-for-stm32.12.3.rel1.win32_1.0.200.202406191623/tools/bin/../lib/gcc/arm-none-eabi/12.3.1/../../../../arm-none-eabi/lib/thumb/v7e-m+fp/hard\libc_nano.a(libc_a-init.o)
 .ARM.attributes
                0x000003b7       0x22 D:/Programs/STM32CubeIDE_1.16.0/STM32CubeIDE/plugins/com.st.stm32cube.ide.mcu.externaltools.gnu-tools-for-stm32.12.3.rel1.win32_1.0.200.202406191623/tools/bin/../lib/gcc/arm-none-eabi/12.3.1/thumb/v7e-m+fp/hard/crtn.o
OUTPUT(G431 NRF24i.elf elf32-littlearm)
LOAD linker stubs
LOAD D:/Programs/STM32CubeIDE_1.16.0/STM32CubeIDE/plugins/com.st.stm32cube.ide.mcu.externaltools.gnu-tools-for-stm32.12.3.rel1.win32_1.0.200.202406191623/tools/bin/../lib/gcc/arm-none-eabi/12.3.1/../../../../arm-none-eabi/lib/thumb/v7e-m+fp/hard\libc.a
LOAD D:/Programs/STM32CubeIDE_1.16.0/STM32CubeIDE/plugins/com.st.stm32cube.ide.mcu.externaltools.gnu-tools-for-stm32.12.3.rel1.win32_1.0.200.202406191623/tools/bin/../lib/gcc/arm-none-eabi/12.3.1/../../../../arm-none-eabi/lib/thumb/v7e-m+fp/hard\libm.a
LOAD D:/Programs/STM32CubeIDE_1.16.0/STM32CubeIDE/plugins/com.st.stm32cube.ide.mcu.externaltools.gnu-tools-for-stm32.12.3.rel1.win32_1.0.200.202406191623/tools/bin/../lib/gcc/arm-none-eabi/12.3.1/thumb/v7e-m+fp/hard\libgcc.a

.debug_info     0x00000000     0xcedf
 .debug_info    0x00000000      0xcf8 ./Core/Src/NRF24.o
 .debug_info    0x00000cf8     0x145b ./Core/Src/main.o
 .debug_info    0x00002153     0x113d ./Core/Src/stm32g4xx_hal_msp.o
 .debug_info    0x00003290      0x113 ./Core/Src/stm32g4xx_it.o
 .debug_info    0x000033a3      0x58e ./Core/Src/system_stm32g4xx.o
 .debug_info    0x00003931       0x30 ./Core/Startup/startup_stm32g431kbtx.o
 .debug_info    0x00003961      0xadb ./Drivers/STM32G4xx_HAL_Driver/Src/stm32g4xx_hal.o
 .debug_info    0x0000443c     0x2063 ./Drivers/STM32G4xx_HAL_Driver/Src/stm32g4xx_hal_adc.o
 .debug_info    0x0000649f     0x1d80 ./Drivers/STM32G4xx_HAL_Driver/Src/stm32g4xx_hal_adc_ex.o
 .debug_info    0x0000821f      0xd3f ./Drivers/STM32G4xx_HAL_Driver/Src/stm32g4xx_hal_cortex.o
 .debug_info    0x00008f5e      0x763 ./Drivers/STM32G4xx_HAL_Driver/Src/stm32g4xx_hal_gpio.o
 .debug_info    0x000096c1      0x93f ./Drivers/STM32G4xx_HAL_Driver/Src/stm32g4xx_hal_pwr_ex.o
 .debug_info    0x0000a000      0xb82 ./Drivers/STM32G4xx_HAL_Driver/Src/stm32g4xx_hal_rcc.o
 .debug_info    0x0000ab82      0xc15 ./Drivers/STM32G4xx_HAL_Driver/Src/stm32g4xx_hal_rcc_ex.o
 .debug_info    0x0000b797     0x1748 ./Drivers/STM32G4xx_HAL_Driver/Src/stm32g4xx_hal_spi.o

.debug_abbrev   0x00000000     0x2039
 .debug_abbrev  0x00000000      0x331 ./Core/Src/NRF24.o
 .debug_abbrev  0x00000331      0x2ae ./Core/Src/main.o
 .debug_abbrev  0x000005df      0x1dc ./Core/Src/stm32g4xx_hal_msp.o
 .debug_abbrev  0x000007bb       0x73 ./Core/Src/stm32g4xx_it.o
 .debug_abbrev  0x0000082e      0x11a ./Core/Src/system_stm32g4xx.o
 .debug_abbrev  0x00000948       0x24 ./Core/Startup/startup_stm32g431kbtx.o
 .debug_abbrev  0x0000096c      0x271 ./Drivers/STM32G4xx_HAL_Driver/Src/stm32g4xx_hal.o
 .debug_abbrev  0x00000bdd      0x2d3 ./Drivers/STM32G4xx_HAL_Driver/Src/stm32g4xx_hal_adc.o
 .debug_abbrev  0x00000eb0      0x2ee ./Drivers/STM32G4xx_HAL_Driver/Src/stm32g4xx_hal_adc_ex.o
 .debug_abbrev  0x0000119e      0x31c ./Drivers/STM32G4xx_HAL_Driver/Src/stm32g4xx_hal_cortex.o
 .debug_abbrev  0x000014ba      0x1cb ./Drivers/STM32G4xx_HAL_Driver/Src/stm32g4xx_hal_gpio.o
 .debug_abbrev  0x00001685      0x22c ./Drivers/STM32G4xx_HAL_Driver/Src/stm32g4xx_hal_pwr_ex.o
 .debug_abbrev  0x000018b1      0x2c9 ./Drivers/STM32G4xx_HAL_Driver/Src/stm32g4xx_hal_rcc.o
 .debug_abbrev  0x00001b7a      0x258 ./Drivers/STM32G4xx_HAL_Driver/Src/stm32g4xx_hal_rcc_ex.o
 .debug_abbrev  0x00001dd2      0x267 ./Drivers/STM32G4xx_HAL_Driver/Src/stm32g4xx_hal_spi.o

.debug_aranges  0x00000000      0xd30
 .debug_aranges
                0x00000000       0xc0 ./Core/Src/NRF24.o
 .debug_aranges
                0x000000c0       0x50 ./Core/Src/main.o
 .debug_aranges
                0x00000110       0x40 ./Core/Src/stm32g4xx_hal_msp.o
 .debug_aranges
                0x00000150       0x60 ./Core/Src/stm32g4xx_it.o
 .debug_aranges
                0x000001b0       0x28 ./Core/Src/system_stm32g4xx.o
 .debug_aranges
                0x000001d8       0x28 ./Core/Startup/startup_stm32g431kbtx.o
 .debug_aranges
                0x00000200      0x148 ./Drivers/STM32G4xx_HAL_Driver/Src/stm32g4xx_hal.o
 .debug_aranges
                0x00000348      0x248 ./Drivers/STM32G4xx_HAL_Driver/Src/stm32g4xx_hal_adc.o
 .debug_aranges
                0x00000590      0x1c0 ./Drivers/STM32G4xx_HAL_Driver/Src/stm32g4xx_hal_adc_ex.o
 .debug_aranges
                0x00000750      0x128 ./Drivers/STM32G4xx_HAL_Driver/Src/stm32g4xx_hal_cortex.o
 .debug_aranges
                0x00000878       0x58 ./Drivers/STM32G4xx_HAL_Driver/Src/stm32g4xx_hal_gpio.o
 .debug_aranges
                0x000008d0      0x140 ./Drivers/STM32G4xx_HAL_Driver/Src/stm32g4xx_hal_pwr_ex.o
 .debug_aranges
                0x00000a10       0x98 ./Drivers/STM32G4xx_HAL_Driver/Src/stm32g4xx_hal_rcc.o
 .debug_aranges
                0x00000aa8       0xb0 ./Drivers/STM32G4xx_HAL_Driver/Src/stm32g4xx_hal_rcc_ex.o
 .debug_aranges
                0x00000b58      0x1d8 ./Drivers/STM32G4xx_HAL_Driver/Src/stm32g4xx_hal_spi.o

.debug_rnglists
                0x00000000      0x9f3
 .debug_rnglists
                0x00000000       0x8e ./Core/Src/NRF24.o
 .debug_rnglists
                0x0000008e       0x3a ./Core/Src/main.o
 .debug_rnglists
                0x000000c8       0x2d ./Core/Src/stm32g4xx_hal_msp.o
 .debug_rnglists
                0x000000f5       0x43 ./Core/Src/stm32g4xx_it.o
 .debug_rnglists
                0x00000138       0x1a ./Core/Src/system_stm32g4xx.o
 .debug_rnglists
                0x00000152       0x19 ./Core/Startup/startup_stm32g431kbtx.o
 .debug_rnglists
                0x0000016b       0xf1 ./Drivers/STM32G4xx_HAL_Driver/Src/stm32g4xx_hal.o
 .debug_rnglists
                0x0000025c      0x1c0 ./Drivers/STM32G4xx_HAL_Driver/Src/stm32g4xx_hal_adc.o
 .debug_rnglists
                0x0000041c      0x15a ./Drivers/STM32G4xx_HAL_Driver/Src/stm32g4xx_hal_adc_ex.o
 .debug_rnglists
                0x00000576       0xda ./Drivers/STM32G4xx_HAL_Driver/Src/stm32g4xx_hal_cortex.o
 .debug_rnglists
                0x00000650       0x3f ./Drivers/STM32G4xx_HAL_Driver/Src/stm32g4xx_hal_gpio.o
 .debug_rnglists
                0x0000068f       0xf1 ./Drivers/STM32G4xx_HAL_Driver/Src/stm32g4xx_hal_pwr_ex.o
 .debug_rnglists
                0x00000780       0x74 ./Drivers/STM32G4xx_HAL_Driver/Src/stm32g4xx_hal_rcc.o
 .debug_rnglists
                0x000007f4       0x87 ./Drivers/STM32G4xx_HAL_Driver/Src/stm32g4xx_hal_rcc_ex.o
 .debug_rnglists
                0x0000087b      0x178 ./Drivers/STM32G4xx_HAL_Driver/Src/stm32g4xx_hal_spi.o

.debug_macro    0x00000000    0x1dec1
 .debug_macro   0x00000000      0x200 ./Core/Src/NRF24.o
 .debug_macro   0x00000200      0xab4 ./Core/Src/NRF24.o
 .debug_macro   0x00000cb4      0x15b ./Core/Src/NRF24.o
 .debug_macro   0x00000e0f       0x2e ./Core/Src/NRF24.o
 .debug_macro   0x00000e3d       0x28 ./Core/Src/NRF24.o
 .debug_macro   0x00000e65       0x22 ./Core/Src/NRF24.o
 .debug_macro   0x00000e87       0x8e ./Core/Src/NRF24.o
 .debug_macro   0x00000f15       0x51 ./Core/Src/NRF24.o
 .debug_macro   0x00000f66      0x103 ./Core/Src/NRF24.o
 .debug_macro   0x00001069       0x6a ./Core/Src/NRF24.o
 .debug_macro   0x000010d3      0x1df ./Core/Src/NRF24.o
 .debug_macro   0x000012b2       0x1c ./Core/Src/NRF24.o
 .debug_macro   0x000012ce       0x22 ./Core/Src/NRF24.o
 .debug_macro   0x000012f0       0xfb ./Core/Src/NRF24.o
 .debug_macro   0x000013eb     0x1011 ./Core/Src/NRF24.o
 .debug_macro   0x000023fc      0x11f ./Core/Src/NRF24.o
 .debug_macro   0x0000251b    0x11350 ./Core/Src/NRF24.o
 .debug_macro   0x0001386b       0x6d ./Core/Src/NRF24.o
 .debug_macro   0x000138d8     0x3551 ./Core/Src/NRF24.o
 .debug_macro   0x00016e29      0x189 ./Core/Src/NRF24.o
 .debug_macro   0x00016fb2       0x5c ./Core/Src/NRF24.o
 .debug_macro   0x0001700e     0x141d ./Core/Src/NRF24.o
 .debug_macro   0x0001842b      0x535 ./Core/Src/NRF24.o
 .debug_macro   0x00018960      0x1b6 ./Core/Src/NRF24.o
 .debug_macro   0x00018b16      0x288 ./Core/Src/NRF24.o
 .debug_macro   0x00018d9e      0x41d ./Core/Src/NRF24.o
 .debug_macro   0x000191bb      0x18b ./Core/Src/NRF24.o
 .debug_macro   0x00019346       0x43 ./Core/Src/NRF24.o
 .debug_macro   0x00019389      0x23d ./Core/Src/NRF24.o
 .debug_macro   0x000195c6     0x1112 ./Core/Src/NRF24.o
 .debug_macro   0x0001a6d8      0x72e ./Core/Src/NRF24.o
 .debug_macro   0x0001ae06      0x391 ./Core/Src/NRF24.o
 .debug_macro   0x0001b197      0x211 ./Core/Src/NRF24.o
 .debug_macro   0x0001b3a8      0x401 ./Core/Src/NRF24.o
 .debug_macro   0x0001b7a9      0x107 ./Core/Src/NRF24.o
 .debug_macro   0x0001b8b0      0x122 ./Core/Src/NRF24.o
 .debug_macro   0x0001b9d2      0x3d1 ./Core/Src/NRF24.o
 .debug_macro   0x0001bda3      0x2fe ./Core/Src/NRF24.o
 .debug_macro   0x0001c0a1      0x306 ./Core/Src/NRF24.o
 .debug_macro   0x0001c3a7       0x46 ./Core/Src/NRF24.o
 .debug_macro   0x0001c3ed       0xe8 ./Core/Src/NRF24.o
 .debug_macro   0x0001c4d5      0x200 ./Core/Src/main.o
 .debug_macro   0x0001c6d5       0x40 ./Core/Src/main.o
 .debug_macro   0x0001c715      0x1ed ./Core/Src/stm32g4xx_hal_msp.o
 .debug_macro   0x0001c902      0x1f7 ./Core/Src/stm32g4xx_it.o
 .debug_macro   0x0001caf9      0x1de ./Core/Src/system_stm32g4xx.o
 .debug_macro   0x0001ccd7      0x22c ./Drivers/STM32G4xx_HAL_Driver/Src/stm32g4xx_hal.o
 .debug_macro   0x0001cf03      0x1fb ./Drivers/STM32G4xx_HAL_Driver/Src/stm32g4xx_hal_adc.o
 .debug_macro   0x0001d0fe      0x1ea ./Drivers/STM32G4xx_HAL_Driver/Src/stm32g4xx_hal_adc_ex.o
 .debug_macro   0x0001d2e8      0x1de ./Drivers/STM32G4xx_HAL_Driver/Src/stm32g4xx_hal_cortex.o
 .debug_macro   0x0001d4c6      0x1e5 ./Drivers/STM32G4xx_HAL_Driver/Src/stm32g4xx_hal_gpio.o
 .debug_macro   0x0001d6ab      0x208 ./Drivers/STM32G4xx_HAL_Driver/Src/stm32g4xx_hal_pwr_ex.o
 .debug_macro   0x0001d8b3      0x220 ./Drivers/STM32G4xx_HAL_Driver/Src/stm32g4xx_hal_rcc.o
 .debug_macro   0x0001dad3      0x208 ./Drivers/STM32G4xx_HAL_Driver/Src/stm32g4xx_hal_rcc_ex.o
 .debug_macro   0x0001dcdb      0x1e6 ./Drivers/STM32G4xx_HAL_Driver/Src/stm32g4xx_hal_spi.o

.debug_line     0x00000000     0xd8e7
 .debug_line    0x00000000      0xb93 ./Core/Src/NRF24.o
 .debug_line    0x00000b93      0x93e ./Core/Src/main.o
 .debug_line    0x000014d1      0x80f ./Core/Src/stm32g4xx_hal_msp.o
 .debug_line    0x00001ce0      0x828 ./Core/Src/stm32g4xx_it.o
 .debug_line    0x00002508      0x7d2 ./Core/Src/system_stm32g4xx.o
 .debug_line    0x00002cda       0x7b ./Core/Startup/startup_stm32g431kbtx.o
 .debug_line    0x00002d55      0xb8e ./Drivers/STM32G4xx_HAL_Driver/Src/stm32g4xx_hal.o
 .debug_line    0x000038e3     0x1fb9 ./Drivers/STM32G4xx_HAL_Driver/Src/stm32g4xx_hal_adc.o
 .debug_line    0x0000589c     0x19fe ./Drivers/STM32G4xx_HAL_Driver/Src/stm32g4xx_hal_adc_ex.o
 .debug_line    0x0000729a      0xd21 ./Drivers/STM32G4xx_HAL_Driver/Src/stm32g4xx_hal_cortex.o
 .debug_line    0x00007fbb      0xba7 ./Drivers/STM32G4xx_HAL_Driver/Src/stm32g4xx_hal_gpio.o
 .debug_line    0x00008b62      0xcfd ./Drivers/STM32G4xx_HAL_Driver/Src/stm32g4xx_hal_pwr_ex.o
 .debug_line    0x0000985f      0xf59 ./Drivers/STM32G4xx_HAL_Driver/Src/stm32g4xx_hal_rcc.o
 .debug_line    0x0000a7b8     0x1121 ./Drivers/STM32G4xx_HAL_Driver/Src/stm32g4xx_hal_rcc_ex.o
 .debug_line    0x0000b8d9     0x200e ./Drivers/STM32G4xx_HAL_Driver/Src/stm32g4xx_hal_spi.o

.debug_str      0x00000000    0xc45f4
 .debug_str     0x00000000    0xc083f ./Core/Src/NRF24.o
                              0xc0dea (size before relaxing)
 .debug_str     0x000c083f      0x68a ./Core/Src/main.o
                              0xc13b2 (size before relaxing)
 .debug_str     0x000c0ec9      0x23b ./Core/Src/stm32g4xx_hal_msp.o
                              0xc0f99 (size before relaxing)
 .debug_str     0x000c1104       0xc9 ./Core/Src/stm32g4xx_it.o
                              0xc047d (size before relaxing)
 .debug_str     0x000c11cd       0xdb ./Core/Src/system_stm32g4xx.o
                              0xc052a (size before relaxing)
 .debug_str     0x000c12a8       0x44 ./Core/Startup/startup_stm32g431kbtx.o
                                 0x80 (size before relaxing)
 .debug_str     0x000c12ec      0xa26 ./Drivers/STM32G4xx_HAL_Driver/Src/stm32g4xx_hal.o
                              0xc1069 (size before relaxing)
 .debug_str     0x000c1d12      0xabd ./Drivers/STM32G4xx_HAL_Driver/Src/stm32g4xx_hal_adc.o
                              0xc1557 (size before relaxing)
 .debug_str     0x000c27cf      0x691 ./Drivers/STM32G4xx_HAL_Driver/Src/stm32g4xx_hal_adc_ex.o
                              0xc14fd (size before relaxing)
 .debug_str     0x000c2e60      0x37c ./Drivers/STM32G4xx_HAL_Driver/Src/stm32g4xx_hal_cortex.o
                              0xc0d25 (size before relaxing)
 .debug_str     0x000c31dc      0x123 ./Drivers/STM32G4xx_HAL_Driver/Src/stm32g4xx_hal_gpio.o
                              0xc06b5 (size before relaxing)
 .debug_str     0x000c32ff      0x495 ./Drivers/STM32G4xx_HAL_Driver/Src/stm32g4xx_hal_pwr_ex.o
                              0xc0a18 (size before relaxing)
 .debug_str     0x000c3794      0x4e0 ./Drivers/STM32G4xx_HAL_Driver/Src/stm32g4xx_hal_rcc.o
                              0xc0c23 (size before relaxing)
 .debug_str     0x000c3c74      0x40b ./Drivers/STM32G4xx_HAL_Driver/Src/stm32g4xx_hal_rcc_ex.o
                              0xc0c24 (size before relaxing)
 .debug_str     0x000c407f      0x575 ./Drivers/STM32G4xx_HAL_Driver/Src/stm32g4xx_hal_spi.o
                              0xc0e62 (size before relaxing)

.comment        0x00000000       0x43
 .comment       0x00000000       0x43 ./Core/Src/NRF24.o
                                 0x44 (size before relaxing)
 .comment       0x00000043       0x44 ./Core/Src/main.o
 .comment       0x00000043       0x44 ./Core/Src/stm32g4xx_hal_msp.o
 .comment       0x00000043       0x44 ./Core/Src/stm32g4xx_it.o
 .comment       0x00000043       0x44 ./Core/Src/system_stm32g4xx.o
 .comment       0x00000043       0x44 ./Drivers/STM32G4xx_HAL_Driver/Src/stm32g4xx_hal.o
 .comment       0x00000043       0x44 ./Drivers/STM32G4xx_HAL_Driver/Src/stm32g4xx_hal_adc.o
 .comment       0x00000043       0x44 ./Drivers/STM32G4xx_HAL_Driver/Src/stm32g4xx_hal_adc_ex.o
 .comment       0x00000043       0x44 ./Drivers/STM32G4xx_HAL_Driver/Src/stm32g4xx_hal_cortex.o
 .comment       0x00000043       0x44 ./Drivers/STM32G4xx_HAL_Driver/Src/stm32g4xx_hal_gpio.o
 .comment       0x00000043       0x44 ./Drivers/STM32G4xx_HAL_Driver/Src/stm32g4xx_hal_pwr_ex.o
 .comment       0x00000043       0x44 ./Drivers/STM32G4xx_HAL_Driver/Src/stm32g4xx_hal_rcc.o
 .comment       0x00000043       0x44 ./Drivers/STM32G4xx_HAL_Driver/Src/stm32g4xx_hal_rcc_ex.o
 .comment       0x00000043       0x44 ./Drivers/STM32G4xx_HAL_Driver/Src/stm32g4xx_hal_spi.o

.debug_frame    0x00000000     0x3688
 .debug_frame   0x00000000      0x2d0 ./Core/Src/NRF24.o
 .debug_frame   0x000002d0       0xec ./Core/Src/main.o
 .debug_frame   0x000003bc       0xc4 ./Core/Src/stm32g4xx_hal_msp.o
 .debug_frame   0x00000480      0x104 ./Core/Src/stm32g4xx_it.o
 .debug_frame   0x00000584       0x58 ./Core/Src/system_stm32g4xx.o
 .debug_frame   0x000005dc      0x500 ./Drivers/STM32G4xx_HAL_Driver/Src/stm32g4xx_hal.o
 .debug_frame   0x00000adc      0xacc ./Drivers/STM32G4xx_HAL_Driver/Src/stm32g4xx_hal_adc.o
 .debug_frame   0x000015a8      0x81c ./Drivers/STM32G4xx_HAL_Driver/Src/stm32g4xx_hal_adc_ex.o
 .debug_frame   0x00001dc4      0x4e8 ./Drivers/STM32G4xx_HAL_Driver/Src/stm32g4xx_hal_cortex.o
 .debug_frame   0x000022ac      0x14c ./Drivers/STM32G4xx_HAL_Driver/Src/stm32g4xx_hal_gpio.o
 .debug_frame   0x000023f8      0x4fc ./Drivers/STM32G4xx_HAL_Driver/Src/stm32g4xx_hal_pwr_ex.o
 .debug_frame   0x000028f4      0x23c ./Drivers/STM32G4xx_HAL_Driver/Src/stm32g4xx_hal_rcc.o
 .debug_frame   0x00002b30      0x2ac ./Drivers/STM32G4xx_HAL_Driver/Src/stm32g4xx_hal_rcc_ex.o
 .debug_frame   0x00002ddc      0x860 ./Drivers/STM32G4xx_HAL_Driver/Src/stm32g4xx_hal_spi.o
 .debug_frame   0x0000363c       0x20 D:/Programs/STM32CubeIDE_1.16.0/STM32CubeIDE/plugins/com.st.stm32cube.ide.mcu.externaltools.gnu-tools-for-stm32.12.3.rel1.win32_1.0.200.202406191623/tools/bin/../lib/gcc/arm-none-eabi/12.3.1/../../../../arm-none-eabi/lib/thumb/v7e-m+fp/hard\libc_nano.a(libc_a-memset.o)
 .debug_frame   0x0000365c       0x2c D:/Programs/STM32CubeIDE_1.16.0/STM32CubeIDE/plugins/com.st.stm32cube.ide.mcu.externaltools.gnu-tools-for-stm32.12.3.rel1.win32_1.0.200.202406191623/tools/bin/../lib/gcc/arm-none-eabi/12.3.1/../../../../arm-none-eabi/lib/thumb/v7e-m+fp/hard\libc_nano.a(libc_a-init.o)

.debug_line_str
                0x00000000       0x64
 .debug_line_str
                0x00000000       0x64 ./Core/Startup/startup_stm32g431kbtx.o
