20:12:24 **** Incremental Build of configuration Debug for project G431 NRF24i ****
make -j12 all 
arm-none-eabi-gcc "../Core/Src/main.c" -mcpu=cortex-m4 -std=gnu11 -g3 -DDEBUG -DUSE_HAL_DRIVER -DSTM32G431xx -c -I../Core/Inc -I../Drivers/STM32G4xx_HAL_Driver/Inc -I../Drivers/STM32G4xx_HAL_Driver/Inc/Legacy -I../Drivers/CMSIS/Device/ST/STM32G4xx/Include -I../Drivers/CMSIS/Include -O0 -ffunction-sections -fdata-sections -Wall -fstack-usage -fcyclomatic-complexity -MMD -MP -MF"Core/Src/main.d" -MT"Core/Src/main.o" --specs=nano.specs -mfpu=fpv4-sp-d16 -mfloat-abi=hard -mthumb -o "Core/Src/main.o"
arm-none-eabi-gcc -o "G431 NRF24i.elf" @"objects.list"   -mcpu=cortex-m4 -T"D:\Programs\STM32 CubeIDE workspaces\G431\G431 NRF24i\STM32G431KBTX_FLASH.ld" --specs=nosys.specs -Wl,-Map="G431 NRF24i.map" -Wl,--gc-sections -static --specs=nano.specs -mfpu=fpv4-sp-d16 -mfloat-abi=hard -mthumb -Wl,--start-group -lc -lm -Wl,--end-group
Finished building target: G431 NRF24i.elf
 
arm-none-eabi-size  G431\ NRF24i.elf 
arm-none-eabi-objdump -h -S G431\ NRF24i.elf  > "G431 NRF24i.list"
   text	   data	    bss	    dec	    hex	filename
  17624	     12	   1796	  19432	   4be8	G431 NRF24i.elf
Finished building: default.size.stdout
 
Finished building: G431 NRF24i.list
 

20:12:25 Build Finished. 0 errors, 0 warnings. (took 1s.159ms)

