17:35:16 **** Incremental Build of configuration Debug for project G431 NRF24i ****
make -j12 all 
arm-none-eabi-gcc "../Core/Src/main.c" -mcpu=cortex-m4 -std=gnu11 -g3 -DDEBUG -DUSE_HAL_DRIVER -DSTM32G431xx -c -I../Core/Inc -I../Drivers/STM32G4xx_HAL_Driver/Inc -I../Drivers/STM32G4xx_HAL_Driver/Inc/Legacy -I../Drivers/CMSIS/Device/ST/STM32G4xx/Include -I../Drivers/CMSIS/Include -O0 -ffunction-sections -fdata-sections -Wall -fstack-usage -fcyclomatic-complexity -MMD -MP -MF"Core/Src/main.d" -MT"Core/Src/main.o" --specs=nano.specs -mfpu=fpv4-sp-d16 -mfloat-abi=hard -mthumb -o "Core/Src/main.o"
arm-none-eabi-gcc -o "G431 NRF24i.elf" @"objects.list"   -mcpu=cortex-m4 -T"D:\Programs\STM32 CubeIDE workspaces\G431\G431 NRF24i\STM32G431KBTX_FLASH.ld" --specs=nosys.specs -Wl,-Map="G431 NRF24i.map" -Wl,--gc-sections -static --specs=nano.specs -mfpu=fpv4-sp-d16 -mfloat-abi=hard -mthumb -Wl,--start-group -lc -lm -Wl,--end-group
Finished building target: G431 NRF24i.elf
 
arm-none-eabi-size  G431\ NRF24i.elf 
arm-none-eabi-objdump -h -S G431\ NRF24i.elf  > "G431 NRF24i.list"
   text	   data	    bss	    dec	    hex	filename
  17680	     12	   1796	  19488	   4c20	G431 NRF24i.elf
Finished building: default.size.stdout
 
Finished building: G431 NRF24i.list
 
17:35:26 **** Incremental Build of configuration Debug for project G431 NRF24i ****
make -j12 all 
arm-none-eabi-size  G431\ NRF24i.elf 
   text	   data	    bss	    dec	    hex	filename
  17680	     12	   1796	  19488	   4c20	G431 NRF24i.elf
Finished building: default.size.stdout
 
17:50:22 **** Incremental Build of configuration Debug for project G431 NRF24i ****
make -j12 all 
arm-none-eabi-gcc "../Core/Src/main.c" -mcpu=cortex-m4 -std=gnu11 -g3 -DDEBUG -DUSE_HAL_DRIVER -DSTM32G431xx -c -I../Core/Inc -I../Drivers/STM32G4xx_HAL_Driver/Inc -I../Drivers/STM32G4xx_HAL_Driver/Inc/Legacy -I../Drivers/CMSIS/Device/ST/STM32G4xx/Include -I../Drivers/CMSIS/Include -O0 -ffunction-sections -fdata-sections -Wall -fstack-usage -fcyclomatic-complexity -MMD -MP -MF"Core/Src/main.d" -MT"Core/Src/main.o" --specs=nano.specs -mfpu=fpv4-sp-d16 -mfloat-abi=hard -mthumb -o "Core/Src/main.o"
../Core/Src/main.c: In function 'MX_ADC1_Init':
../Core/Src/main.c:300:26: error: 'ADC_SAMPLETIME_3CYCLES' undeclared (first use in this function); did you mean 'ADC_SAMPLETIME_3CYCLES_5'?
  300 |   sConfig.SamplingTime = ADC_SAMPLETIME_3CYCLES;
      |                          ^~~~~~~~~~~~~~~~~~~~~~
      |                          ADC_SAMPLETIME_3CYCLES_5
../Core/Src/main.c:300:26: note: each undeclared identifier is reported only once for each function it appears in
make: *** [Core/Src/subdir.mk:37: Core/Src/main.o] Error 1
"make -j12 all" terminated with exit code 2. Build might be incomplete.
17:50:50 **** Incremental Build of configuration Debug for project G431 NRF24i ****
make -j12 all 
arm-none-eabi-gcc "../Core/Src/main.c" -mcpu=cortex-m4 -std=gnu11 -g3 -DDEBUG -DUSE_HAL_DRIVER -DSTM32G431xx -c -I../Core/Inc -I../Drivers/STM32G4xx_HAL_Driver/Inc -I../Drivers/STM32G4xx_HAL_Driver/Inc/Legacy -I../Drivers/CMSIS/Device/ST/STM32G4xx/Include -I../Drivers/CMSIS/Include -O0 -ffunction-sections -fdata-sections -Wall -fstack-usage -fcyclomatic-complexity -MMD -MP -MF"Core/Src/main.d" -MT"Core/Src/main.o" --specs=nano.specs -mfpu=fpv4-sp-d16 -mfloat-abi=hard -mthumb -o "Core/Src/main.o"
arm-none-eabi-gcc -o "G431 NRF24i.elf" @"objects.list"   -mcpu=cortex-m4 -T"D:\Programs\STM32 CubeIDE workspaces\G431\G431 NRF24i\STM32G431KBTX_FLASH.ld" --specs=nosys.specs -Wl,-Map="G431 NRF24i.map" -Wl,--gc-sections -static --specs=nano.specs -mfpu=fpv4-sp-d16 -mfloat-abi=hard -mthumb -Wl,--start-group -lc -lm -Wl,--end-group
Finished building target: G431 NRF24i.elf
 
arm-none-eabi-size  G431\ NRF24i.elf 
arm-none-eabi-objdump -h -S G431\ NRF24i.elf  > "G431 NRF24i.list"
   text	   data	    bss	    dec	    hex	filename
  17200	     12	   1796	  19008	   4a40	G431 NRF24i.elf
Finished building: default.size.stdout
 
Finished building: G431 NRF24i.list
 
17:52:32 **** Incremental Build of configuration Debug for project G431 NRF24i ****
make -j12 all 
arm-none-eabi-gcc "../Core/Src/main.c" -mcpu=cortex-m4 -std=gnu11 -g3 -DDEBUG -DUSE_HAL_DRIVER -DSTM32G431xx -c -I../Core/Inc -I../Drivers/STM32G4xx_HAL_Driver/Inc -I../Drivers/STM32G4xx_HAL_Driver/Inc/Legacy -I../Drivers/CMSIS/Device/ST/STM32G4xx/Include -I../Drivers/CMSIS/Include -O0 -ffunction-sections -fdata-sections -Wall -fstack-usage -fcyclomatic-complexity -MMD -MP -MF"Core/Src/main.d" -MT"Core/Src/main.o" --specs=nano.specs -mfpu=fpv4-sp-d16 -mfloat-abi=hard -mthumb -o "Core/Src/main.o"
arm-none-eabi-gcc -o "G431 NRF24i.elf" @"objects.list"   -mcpu=cortex-m4 -T"D:\Programs\STM32 CubeIDE workspaces\G431\G431 NRF24i\STM32G431KBTX_FLASH.ld" --specs=nosys.specs -Wl,-Map="G431 NRF24i.map" -Wl,--gc-sections -static --specs=nano.specs -mfpu=fpv4-sp-d16 -mfloat-abi=hard -mthumb -Wl,--start-group -lc -lm -Wl,--end-group
Finished building target: G431 NRF24i.elf
 
arm-none-eabi-size  G431\ NRF24i.elf 
arm-none-eabi-objdump -h -S G431\ NRF24i.elf  > "G431 NRF24i.list"
   text	   data	    bss	    dec	    hex	filename
  17144	     12	   1796	  18952	   4a08	G431 NRF24i.elf
Finished building: default.size.stdout
 
Finished building: G431 NRF24i.list
 
17:52:43 **** Incremental Build of configuration Debug for project G431 NRF24i ****
make -j12 all 
arm-none-eabi-size  G431\ NRF24i.elf 
   text	   data	    bss	    dec	    hex	filename
  17144	     12	   1796	  18952	   4a08	G431 NRF24i.elf
Finished building: default.size.stdout
 
17:55:47 **** Incremental Build of configuration Debug for project G431 NRF24i ****
make -j12 all 
arm-none-eabi-gcc "../Core/Src/main.c" -mcpu=cortex-m4 -std=gnu11 -g3 -DDEBUG -DUSE_HAL_DRIVER -DSTM32G431xx -c -I../Core/Inc -I../Drivers/STM32G4xx_HAL_Driver/Inc -I../Drivers/STM32G4xx_HAL_Driver/Inc/Legacy -I../Drivers/CMSIS/Device/ST/STM32G4xx/Include -I../Drivers/CMSIS/Include -O0 -ffunction-sections -fdata-sections -Wall -fstack-usage -fcyclomatic-complexity -MMD -MP -MF"Core/Src/main.d" -MT"Core/Src/main.o" --specs=nano.specs -mfpu=fpv4-sp-d16 -mfloat-abi=hard -mthumb -o "Core/Src/main.o"
arm-none-eabi-gcc -o "G431 NRF24i.elf" @"objects.list"   -mcpu=cortex-m4 -T"D:\Programs\STM32 CubeIDE workspaces\G431\G431 NRF24i\STM32G431KBTX_FLASH.ld" --specs=nosys.specs -Wl,-Map="G431 NRF24i.map" -Wl,--gc-sections -static --specs=nano.specs -mfpu=fpv4-sp-d16 -mfloat-abi=hard -mthumb -Wl,--start-group -lc -lm -Wl,--end-group
Finished building target: G431 NRF24i.elf
 
arm-none-eabi-size  G431\ NRF24i.elf 
arm-none-eabi-objdump -h -S G431\ NRF24i.elf  > "G431 NRF24i.list"
   text	   data	    bss	    dec	    hex	filename
  17624	     12	   1796	  19432	   4be8	G431 NRF24i.elf
Finished building: default.size.stdout
 
Finished building: G431 NRF24i.list
 
17:56:38 **** Incremental Build of configuration Debug for project G431 NRF24i ****
make -j12 all 
arm-none-eabi-gcc "../Core/Src/main.c" -mcpu=cortex-m4 -std=gnu11 -g3 -DDEBUG -DUSE_HAL_DRIVER -DSTM32G431xx -c -I../Core/Inc -I../Drivers/STM32G4xx_HAL_Driver/Inc -I../Drivers/STM32G4xx_HAL_Driver/Inc/Legacy -I../Drivers/CMSIS/Device/ST/STM32G4xx/Include -I../Drivers/CMSIS/Include -O0 -ffunction-sections -fdata-sections -Wall -fstack-usage -fcyclomatic-complexity -MMD -MP -MF"Core/Src/main.d" -MT"Core/Src/main.o" --specs=nano.specs -mfpu=fpv4-sp-d16 -mfloat-abi=hard -mthumb -o "Core/Src/main.o"
arm-none-eabi-gcc -o "G431 NRF24i.elf" @"objects.list"   -mcpu=cortex-m4 -T"D:\Programs\STM32 CubeIDE workspaces\G431\G431 NRF24i\STM32G431KBTX_FLASH.ld" --specs=nosys.specs -Wl,-Map="G431 NRF24i.map" -Wl,--gc-sections -static --specs=nano.specs -mfpu=fpv4-sp-d16 -mfloat-abi=hard -mthumb -Wl,--start-group -lc -lm -Wl,--end-group
Finished building target: G431 NRF24i.elf
 
arm-none-eabi-size  G431\ NRF24i.elf 
arm-none-eabi-objdump -h -S G431\ NRF24i.elf  > "G431 NRF24i.list"
   text	   data	    bss	    dec	    hex	filename
  17624	     12	   1796	  19432	   4be8	G431 NRF24i.elf
Finished building: default.size.stdout
 
Finished building: G431 NRF24i.list
 
17:57:34 **** Incremental Build of configuration Debug for project G431 NRF24i ****
make -j12 all 
arm-none-eabi-gcc "../Core/Src/main.c" -mcpu=cortex-m4 -std=gnu11 -g3 -DDEBUG -DUSE_HAL_DRIVER -DSTM32G431xx -c -I../Core/Inc -I../Drivers/STM32G4xx_HAL_Driver/Inc -I../Drivers/STM32G4xx_HAL_Driver/Inc/Legacy -I../Drivers/CMSIS/Device/ST/STM32G4xx/Include -I../Drivers/CMSIS/Include -O0 -ffunction-sections -fdata-sections -Wall -fstack-usage -fcyclomatic-complexity -MMD -MP -MF"Core/Src/main.d" -MT"Core/Src/main.o" --specs=nano.specs -mfpu=fpv4-sp-d16 -mfloat-abi=hard -mthumb -o "Core/Src/main.o"
arm-none-eabi-gcc -o "G431 NRF24i.elf" @"objects.list"   -mcpu=cortex-m4 -T"D:\Programs\STM32 CubeIDE workspaces\G431\G431 NRF24i\STM32G431KBTX_FLASH.ld" --specs=nosys.specs -Wl,-Map="G431 NRF24i.map" -Wl,--gc-sections -static --specs=nano.specs -mfpu=fpv4-sp-d16 -mfloat-abi=hard -mthumb -Wl,--start-group -lc -lm -Wl,--end-group
Finished building target: G431 NRF24i.elf
 
arm-none-eabi-size  G431\ NRF24i.elf 
arm-none-eabi-objdump -h -S G431\ NRF24i.elf  > "G431 NRF24i.list"
   text	   data	    bss	    dec	    hex	filename
  17680	     12	   1796	  19488	   4c20	G431 NRF24i.elf
Finished building: default.size.stdout
 
Finished building: G431 NRF24i.list
 
18:02:38 **** Incremental Build of configuration Debug for project G431 NRF24i ****
make -j12 all 
arm-none-eabi-gcc "../Core/Src/main.c" -mcpu=cortex-m4 -std=gnu11 -g3 -DDEBUG -DUSE_HAL_DRIVER -DSTM32G431xx -c -I../Core/Inc -I../Drivers/STM32G4xx_HAL_Driver/Inc -I../Drivers/STM32G4xx_HAL_Driver/Inc/Legacy -I../Drivers/CMSIS/Device/ST/STM32G4xx/Include -I../Drivers/CMSIS/Include -O0 -ffunction-sections -fdata-sections -Wall -fstack-usage -fcyclomatic-complexity -MMD -MP -MF"Core/Src/main.d" -MT"Core/Src/main.o" --specs=nano.specs -mfpu=fpv4-sp-d16 -mfloat-abi=hard -mthumb -o "Core/Src/main.o"
arm-none-eabi-gcc -o "G431 NRF24i.elf" @"objects.list"   -mcpu=cortex-m4 -T"D:\Programs\STM32 CubeIDE workspaces\G431\G431 NRF24i\STM32G431KBTX_FLASH.ld" --specs=nosys.specs -Wl,-Map="G431 NRF24i.map" -Wl,--gc-sections -static --specs=nano.specs -mfpu=fpv4-sp-d16 -mfloat-abi=hard -mthumb -Wl,--start-group -lc -lm -Wl,--end-group
Finished building target: G431 NRF24i.elf
 
arm-none-eabi-size  G431\ NRF24i.elf 
arm-none-eabi-objdump -h -S G431\ NRF24i.elf  > "G431 NRF24i.list"
   text	   data	    bss	    dec	    hex	filename
  17672	     12	   1796	  19480	   4c18	G431 NRF24i.elf
Finished building: default.size.stdout
 
Finished building: G431 NRF24i.list
 
18:03:53 **** Incremental Build of configuration Debug for project G431 NRF24i ****
make -j12 all 
arm-none-eabi-gcc "../Core/Src/main.c" -mcpu=cortex-m4 -std=gnu11 -g3 -DDEBUG -DUSE_HAL_DRIVER -DSTM32G431xx -c -I../Core/Inc -I../Drivers/STM32G4xx_HAL_Driver/Inc -I../Drivers/STM32G4xx_HAL_Driver/Inc/Legacy -I../Drivers/CMSIS/Device/ST/STM32G4xx/Include -I../Drivers/CMSIS/Include -O0 -ffunction-sections -fdata-sections -Wall -fstack-usage -fcyclomatic-complexity -MMD -MP -MF"Core/Src/main.d" -MT"Core/Src/main.o" --specs=nano.specs -mfpu=fpv4-sp-d16 -mfloat-abi=hard -mthumb -o "Core/Src/main.o"
arm-none-eabi-gcc -o "G431 NRF24i.elf" @"objects.list"   -mcpu=cortex-m4 -T"D:\Programs\STM32 CubeIDE workspaces\G431\G431 NRF24i\STM32G431KBTX_FLASH.ld" --specs=nosys.specs -Wl,-Map="G431 NRF24i.map" -Wl,--gc-sections -static --specs=nano.specs -mfpu=fpv4-sp-d16 -mfloat-abi=hard -mthumb -Wl,--start-group -lc -lm -Wl,--end-group
Finished building target: G431 NRF24i.elf
 
arm-none-eabi-size  G431\ NRF24i.elf 
arm-none-eabi-objdump -h -S G431\ NRF24i.elf  > "G431 NRF24i.list"
   text	   data	    bss	    dec	    hex	filename
  17676	     12	   1796	  19484	   4c1c	G431 NRF24i.elf
Finished building: default.size.stdout
 
Finished building: G431 NRF24i.list
 
18:05:49 **** Incremental Build of configuration Debug for project G431 NRF24i ****
make -j12 all 
arm-none-eabi-gcc "../Core/Src/main.c" -mcpu=cortex-m4 -std=gnu11 -g3 -DDEBUG -DUSE_HAL_DRIVER -DSTM32G431xx -c -I../Core/Inc -I../Drivers/STM32G4xx_HAL_Driver/Inc -I../Drivers/STM32G4xx_HAL_Driver/Inc/Legacy -I../Drivers/CMSIS/Device/ST/STM32G4xx/Include -I../Drivers/CMSIS/Include -O0 -ffunction-sections -fdata-sections -Wall -fstack-usage -fcyclomatic-complexity -MMD -MP -MF"Core/Src/main.d" -MT"Core/Src/main.o" --specs=nano.specs -mfpu=fpv4-sp-d16 -mfloat-abi=hard -mthumb -o "Core/Src/main.o"
arm-none-eabi-gcc -o "G431 NRF24i.elf" @"objects.list"   -mcpu=cortex-m4 -T"D:\Programs\STM32 CubeIDE workspaces\G431\G431 NRF24i\STM32G431KBTX_FLASH.ld" --specs=nosys.specs -Wl,-Map="G431 NRF24i.map" -Wl,--gc-sections -static --specs=nano.specs -mfpu=fpv4-sp-d16 -mfloat-abi=hard -mthumb -Wl,--start-group -lc -lm -Wl,--end-group
Finished building target: G431 NRF24i.elf
 
arm-none-eabi-size  G431\ NRF24i.elf 
arm-none-eabi-objdump -h -S G431\ NRF24i.elf  > "G431 NRF24i.list"
   text	   data	    bss	    dec	    hex	filename
  17672	     12	   1796	  19480	   4c18	G431 NRF24i.elf
Finished building: default.size.stdout
 
Finished building: G431 NRF24i.list
 
18:07:08 **** Incremental Build of configuration Debug for project G431 NRF24i ****
make -j12 all 
arm-none-eabi-gcc "../Core/Src/main.c" -mcpu=cortex-m4 -std=gnu11 -g3 -DDEBUG -DUSE_HAL_DRIVER -DSTM32G431xx -c -I../Core/Inc -I../Drivers/STM32G4xx_HAL_Driver/Inc -I../Drivers/STM32G4xx_HAL_Driver/Inc/Legacy -I../Drivers/CMSIS/Device/ST/STM32G4xx/Include -I../Drivers/CMSIS/Include -O0 -ffunction-sections -fdata-sections -Wall -fstack-usage -fcyclomatic-complexity -MMD -MP -MF"Core/Src/main.d" -MT"Core/Src/main.o" --specs=nano.specs -mfpu=fpv4-sp-d16 -mfloat-abi=hard -mthumb -o "Core/Src/main.o"
arm-none-eabi-gcc -o "G431 NRF24i.elf" @"objects.list"   -mcpu=cortex-m4 -T"D:\Programs\STM32 CubeIDE workspaces\G431\G431 NRF24i\STM32G431KBTX_FLASH.ld" --specs=nosys.specs -Wl,-Map="G431 NRF24i.map" -Wl,--gc-sections -static --specs=nano.specs -mfpu=fpv4-sp-d16 -mfloat-abi=hard -mthumb -Wl,--start-group -lc -lm -Wl,--end-group
Finished building target: G431 NRF24i.elf
 
arm-none-eabi-size  G431\ NRF24i.elf 
arm-none-eabi-objdump -h -S G431\ NRF24i.elf  > "G431 NRF24i.list"
   text	   data	    bss	    dec	    hex	filename
  17680	     12	   1796	  19488	   4c20	G431 NRF24i.elf
Finished building: default.size.stdout
 
Finished building: G431 NRF24i.list
 
18:15:17 **** Incremental Build of configuration Debug for project G431 NRF24i ****
make -j12 all 
arm-none-eabi-gcc "../Core/Src/main.c" -mcpu=cortex-m4 -std=gnu11 -g3 -DDEBUG -DUSE_HAL_DRIVER -DSTM32G431xx -c -I../Core/Inc -I../Drivers/STM32G4xx_HAL_Driver/Inc -I../Drivers/STM32G4xx_HAL_Driver/Inc/Legacy -I../Drivers/CMSIS/Device/ST/STM32G4xx/Include -I../Drivers/CMSIS/Include -O0 -ffunction-sections -fdata-sections -Wall -fstack-usage -fcyclomatic-complexity -MMD -MP -MF"Core/Src/main.d" -MT"Core/Src/main.o" --specs=nano.specs -mfpu=fpv4-sp-d16 -mfloat-abi=hard -mthumb -o "Core/Src/main.o"
arm-none-eabi-gcc -o "G431 NRF24i.elf" @"objects.list"   -mcpu=cortex-m4 -T"D:\Programs\STM32 CubeIDE workspaces\G431\G431 NRF24i\STM32G431KBTX_FLASH.ld" --specs=nosys.specs -Wl,-Map="G431 NRF24i.map" -Wl,--gc-sections -static --specs=nano.specs -mfpu=fpv4-sp-d16 -mfloat-abi=hard -mthumb -Wl,--start-group -lc -lm -Wl,--end-group
Finished building target: G431 NRF24i.elf
 
arm-none-eabi-size  G431\ NRF24i.elf 
arm-none-eabi-objdump -h -S G431\ NRF24i.elf  > "G431 NRF24i.list"
   text	   data	    bss	    dec	    hex	filename
  17676	     12	   1796	  19484	   4c1c	G431 NRF24i.elf
Finished building: default.size.stdout
 
Finished building: G431 NRF24i.list
 
18:23:03 **** Incremental Build of configuration Debug for project G431 NRF24i ****
make -j12 all 
arm-none-eabi-gcc "../Core/Src/main.c" -mcpu=cortex-m4 -std=gnu11 -g3 -DDEBUG -DUSE_HAL_DRIVER -DSTM32G431xx -c -I../Core/Inc -I../Drivers/STM32G4xx_HAL_Driver/Inc -I../Drivers/STM32G4xx_HAL_Driver/Inc/Legacy -I../Drivers/CMSIS/Device/ST/STM32G4xx/Include -I../Drivers/CMSIS/Include -O0 -ffunction-sections -fdata-sections -Wall -fstack-usage -fcyclomatic-complexity -MMD -MP -MF"Core/Src/main.d" -MT"Core/Src/main.o" --specs=nano.specs -mfpu=fpv4-sp-d16 -mfloat-abi=hard -mthumb -o "Core/Src/main.o"
arm-none-eabi-gcc "../Core/Src/stm32g4xx_hal_msp.c" -mcpu=cortex-m4 -std=gnu11 -g3 -DDEBUG -DUSE_HAL_DRIVER -DSTM32G431xx -c -I../Core/Inc -I../Drivers/STM32G4xx_HAL_Driver/Inc -I../Drivers/STM32G4xx_HAL_Driver/Inc/Legacy -I../Drivers/CMSIS/Device/ST/STM32G4xx/Include -I../Drivers/CMSIS/Include -O0 -ffunction-sections -fdata-sections -Wall -fstack-usage -fcyclomatic-complexity -MMD -MP -MF"Core/Src/stm32g4xx_hal_msp.d" -MT"Core/Src/stm32g4xx_hal_msp.o" --specs=nano.specs -mfpu=fpv4-sp-d16 -mfloat-abi=hard -mthumb -o "Core/Src/stm32g4xx_hal_msp.o"
arm-none-eabi-gcc -o "G431 NRF24i.elf" @"objects.list"   -mcpu=cortex-m4 -T"D:\Programs\STM32 CubeIDE workspaces\G431\G431 NRF24i\STM32G431KBTX_FLASH.ld" --specs=nosys.specs -Wl,-Map="G431 NRF24i.map" -Wl,--gc-sections -static --specs=nano.specs -mfpu=fpv4-sp-d16 -mfloat-abi=hard -mthumb -Wl,--start-group -lc -lm -Wl,--end-group
Finished building target: G431 NRF24i.elf
 
arm-none-eabi-size  G431\ NRF24i.elf 
arm-none-eabi-objdump -h -S G431\ NRF24i.elf  > "G431 NRF24i.list"
   text	   data	    bss	    dec	    hex	filename
  17680	     12	   1796	  19488	   4c20	G431 NRF24i.elf
Finished building: default.size.stdout
 
Finished building: G431 NRF24i.list
 
18:25:51 **** Incremental Build of configuration Debug for project G431 NRF24i ****
make -j12 all 
arm-none-eabi-gcc "../Core/Src/main.c" -mcpu=cortex-m4 -std=gnu11 -g3 -DDEBUG -DUSE_HAL_DRIVER -DSTM32G431xx -c -I../Core/Inc -I../Drivers/STM32G4xx_HAL_Driver/Inc -I../Drivers/STM32G4xx_HAL_Driver/Inc/Legacy -I../Drivers/CMSIS/Device/ST/STM32G4xx/Include -I../Drivers/CMSIS/Include -O0 -ffunction-sections -fdata-sections -Wall -fstack-usage -fcyclomatic-complexity -MMD -MP -MF"Core/Src/main.d" -MT"Core/Src/main.o" --specs=nano.specs -mfpu=fpv4-sp-d16 -mfloat-abi=hard -mthumb -o "Core/Src/main.o"
arm-none-eabi-gcc -o "G431 NRF24i.elf" @"objects.list"   -mcpu=cortex-m4 -T"D:\Programs\STM32 CubeIDE workspaces\G431\G431 NRF24i\STM32G431KBTX_FLASH.ld" --specs=nosys.specs -Wl,-Map="G431 NRF24i.map" -Wl,--gc-sections -static --specs=nano.specs -mfpu=fpv4-sp-d16 -mfloat-abi=hard -mthumb -Wl,--start-group -lc -lm -Wl,--end-group
Finished building target: G431 NRF24i.elf
 
arm-none-eabi-size  G431\ NRF24i.elf 
arm-none-eabi-objdump -h -S G431\ NRF24i.elf  > "G431 NRF24i.list"
   text	   data	    bss	    dec	    hex	filename
  17624	     12	   1796	  19432	   4be8	G431 NRF24i.elf
Finished building: default.size.stdout
 
Finished building: G431 NRF24i.list
 
18:27:06 **** Incremental Build of configuration Debug for project G431 NRF24i ****
make -j12 all 
arm-none-eabi-gcc "../Core/Src/main.c" -mcpu=cortex-m4 -std=gnu11 -g3 -DDEBUG -DUSE_HAL_DRIVER -DSTM32G431xx -c -I../Core/Inc -I../Drivers/STM32G4xx_HAL_Driver/Inc -I../Drivers/STM32G4xx_HAL_Driver/Inc/Legacy -I../Drivers/CMSIS/Device/ST/STM32G4xx/Include -I../Drivers/CMSIS/Include -O0 -ffunction-sections -fdata-sections -Wall -fstack-usage -fcyclomatic-complexity -MMD -MP -MF"Core/Src/main.d" -MT"Core/Src/main.o" --specs=nano.specs -mfpu=fpv4-sp-d16 -mfloat-abi=hard -mthumb -o "Core/Src/main.o"
arm-none-eabi-gcc -o "G431 NRF24i.elf" @"objects.list"   -mcpu=cortex-m4 -T"D:\Programs\STM32 CubeIDE workspaces\G431\G431 NRF24i\STM32G431KBTX_FLASH.ld" --specs=nosys.specs -Wl,-Map="G431 NRF24i.map" -Wl,--gc-sections -static --specs=nano.specs -mfpu=fpv4-sp-d16 -mfloat-abi=hard -mthumb -Wl,--start-group -lc -lm -Wl,--end-group
Finished building target: G431 NRF24i.elf
 
arm-none-eabi-size  G431\ NRF24i.elf 
arm-none-eabi-objdump -h -S G431\ NRF24i.elf  > "G431 NRF24i.list"
   text	   data	    bss	    dec	    hex	filename
  17624	     12	   1796	  19432	   4be8	G431 NRF24i.elf
Finished building: default.size.stdout
 
Finished building: G431 NRF24i.list
 
18:31:59 **** Incremental Build of configuration Debug for project G431 NRF24i ****
make -j12 all 
arm-none-eabi-size  G431\ NRF24i.elf 
   text	   data	    bss	    dec	    hex	filename
  17624	     12	   1796	  19432	   4be8	G431 NRF24i.elf
Finished building: default.size.stdout
 
19:27:13 **** Incremental Build of configuration Debug for project G431 NRF24i ****
make -j12 all 
arm-none-eabi-gcc "../Core/Src/main.c" -mcpu=cortex-m4 -std=gnu11 -g3 -DDEBUG -DUSE_HAL_DRIVER -DSTM32G431xx -c -I../Core/Inc -I../Drivers/STM32G4xx_HAL_Driver/Inc -I../Drivers/STM32G4xx_HAL_Driver/Inc/Legacy -I../Drivers/CMSIS/Device/ST/STM32G4xx/Include -I../Drivers/CMSIS/Include -O0 -ffunction-sections -fdata-sections -Wall -fstack-usage -fcyclomatic-complexity -MMD -MP -MF"Core/Src/main.d" -MT"Core/Src/main.o" --specs=nano.specs -mfpu=fpv4-sp-d16 -mfloat-abi=hard -mthumb -o "Core/Src/main.o"
../Core/Src/main.c: In function 'UpdateJoystickValues':
../Core/Src/main.c:185:5: warning: 'main' is normally a non-static function [-Wmain]
  185 | int main(void)
      |     ^~~~
../Core/Src/main.c:298:13: error: invalid storage class for function 'MX_ADC1_Init'
  298 | static void MX_ADC1_Init(void)
      |             ^~~~~~~~~~~~
../Core/Src/main.c:375:13: error: invalid storage class for function 'MX_SPI1_Init'
  375 | static void MX_SPI1_Init(void)
      |             ^~~~~~~~~~~~
../Core/Src/main.c:415:13: error: invalid storage class for function 'MX_GPIO_Init'
  415 | static void MX_GPIO_Init(void)
      |             ^~~~~~~~~~~~
../Core/Src/main.c:472:1: error: expected declaration or statement at end of input
  472 | }
      | ^
../Core/Src/main.c: At top level:
../Core/Src/main.c:55:13: warning: 'MX_GPIO_Init' used but never defined
   55 | static void MX_GPIO_Init(void);
      |             ^~~~~~~~~~~~
../Core/Src/main.c:56:13: warning: 'MX_SPI1_Init' used but never defined
   56 | static void MX_SPI1_Init(void);
      |             ^~~~~~~~~~~~
../Core/Src/main.c:57:13: warning: 'MX_ADC1_Init' used but never defined
   57 | static void MX_ADC1_Init(void);
      |             ^~~~~~~~~~~~
../Core/Src/main.c:460:6: warning: 'Error_Handler' defined but not used [-Wunused-function]
  460 | void Error_Handler(void)
      |      ^~~~~~~~~~~~~
../Core/Src/main.c:415:13: warning: 'MX_GPIO_Init' defined but not used [-Wunused-function]
  415 | static void MX_GPIO_Init(void)
      |             ^~~~~~~~~~~~
../Core/Src/main.c:375:13: warning: 'MX_SPI1_Init' defined but not used [-Wunused-function]
  375 | static void MX_SPI1_Init(void)
      |             ^~~~~~~~~~~~
../Core/Src/main.c:298:13: warning: 'MX_ADC1_Init' defined but not used [-Wunused-function]
  298 | static void MX_ADC1_Init(void)
      |             ^~~~~~~~~~~~
../Core/Src/main.c:257:6: warning: 'SystemClock_Config' defined but not used [-Wunused-function]
  257 | void SystemClock_Config(void)
      |      ^~~~~~~~~~~~~~~~~~
../Core/Src/main.c:185:5: warning: 'main' defined but not used [-Wunused-function]
  185 | int main(void)
      |     ^~~~
make: *** [Core/Src/subdir.mk:37: Core/Src/main.o] Error 1
"make -j12 all" terminated with exit code 2. Build might be incomplete.
19:27:37 **** Incremental Build of configuration Debug for project G431 NRF24i ****
make -j12 all 
arm-none-eabi-gcc "../Core/Src/main.c" -mcpu=cortex-m4 -std=gnu11 -g3 -DDEBUG -DUSE_HAL_DRIVER -DSTM32G431xx -c -I../Core/Inc -I../Drivers/STM32G4xx_HAL_Driver/Inc -I../Drivers/STM32G4xx_HAL_Driver/Inc/Legacy -I../Drivers/CMSIS/Device/ST/STM32G4xx/Include -I../Drivers/CMSIS/Include -O0 -ffunction-sections -fdata-sections -Wall -fstack-usage -fcyclomatic-complexity -MMD -MP -MF"Core/Src/main.d" -MT"Core/Src/main.o" --specs=nano.specs -mfpu=fpv4-sp-d16 -mfloat-abi=hard -mthumb -o "Core/Src/main.o"
arm-none-eabi-gcc -o "G431 NRF24i.elf" @"objects.list"   -mcpu=cortex-m4 -T"D:\Programs\STM32 CubeIDE workspaces\G431\G431 NRF24i\STM32G431KBTX_FLASH.ld" --specs=nosys.specs -Wl,-Map="G431 NRF24i.map" -Wl,--gc-sections -static --specs=nano.specs -mfpu=fpv4-sp-d16 -mfloat-abi=hard -mthumb -Wl,--start-group -lc -lm -Wl,--end-group
Finished building target: G431 NRF24i.elf
 
arm-none-eabi-size  G431\ NRF24i.elf 
arm-none-eabi-objdump -h -S G431\ NRF24i.elf  > "G431 NRF24i.list"
   text	   data	    bss	    dec	    hex	filename
  17680	     12	   1796	  19488	   4c20	G431 NRF24i.elf
Finished building: default.size.stdout
 
Finished building: G431 NRF24i.list
 
20:12:24 **** Incremental Build of configuration Debug for project G431 NRF24i ****
make -j12 all 
arm-none-eabi-gcc "../Core/Src/main.c" -mcpu=cortex-m4 -std=gnu11 -g3 -DDEBUG -DUSE_HAL_DRIVER -DSTM32G431xx -c -I../Core/Inc -I../Drivers/STM32G4xx_HAL_Driver/Inc -I../Drivers/STM32G4xx_HAL_Driver/Inc/Legacy -I../Drivers/CMSIS/Device/ST/STM32G4xx/Include -I../Drivers/CMSIS/Include -O0 -ffunction-sections -fdata-sections -Wall -fstack-usage -fcyclomatic-complexity -MMD -MP -MF"Core/Src/main.d" -MT"Core/Src/main.o" --specs=nano.specs -mfpu=fpv4-sp-d16 -mfloat-abi=hard -mthumb -o "Core/Src/main.o"
arm-none-eabi-gcc -o "G431 NRF24i.elf" @"objects.list"   -mcpu=cortex-m4 -T"D:\Programs\STM32 CubeIDE workspaces\G431\G431 NRF24i\STM32G431KBTX_FLASH.ld" --specs=nosys.specs -Wl,-Map="G431 NRF24i.map" -Wl,--gc-sections -static --specs=nano.specs -mfpu=fpv4-sp-d16 -mfloat-abi=hard -mthumb -Wl,--start-group -lc -lm -Wl,--end-group
Finished building target: G431 NRF24i.elf
 
arm-none-eabi-size  G431\ NRF24i.elf 
arm-none-eabi-objdump -h -S G431\ NRF24i.elf  > "G431 NRF24i.list"
   text	   data	    bss	    dec	    hex	filename
  17624	     12	   1796	  19432	   4be8	G431 NRF24i.elf
Finished building: default.size.stdout
 
Finished building: G431 NRF24i.list
 
